<html>
<body>
<pre>
<h1>礦ision Build Log</h1>
<h2>Tool Versions:</h2>
IDE-Version: μVision V5.41.0.0
Copyright (C) 2024 ARM Ltd and ARM Germany GmbH. All rights reserved.
License Information: admin admin, admin, LIC=HN0AE-5FCJT-VEKHA-1F3N0-ZHPE8-8M8F0
 
Tool Versions:
Toolchain:       MDK-ARM Plus  Version: 5.41.0.0
Toolchain Path:  E:\Keil_v5\ARM\ARMCC\Bin
C Compiler:      Armcc.exe V5.06 update 7 (build 960)
Assembler:       Armasm.exe V5.06 update 7 (build 960)
Linker/Locator:  ArmLink.exe V5.06 update 7 (build 960)
Library Manager: ArmAr.exe V5.06 update 7 (build 960)
Hex Converter:   FromElf.exe V5.06 update 7 (build 960)
CPU DLL:         SARMCM3.DLL V5.41.0.0
Dialog DLL:      DCM.DLL V1.17.5.0
Target DLL:      CMSIS_AGDI.dll V1.33.21.0
Dialog DLL:      TCM.DLL V1.56.4.0
 
<h2>Project:</h2>
D:\STM32F407_MICU\Test_Example\MDK-ARM\Template.uvprojx
Project File Date:  09/21/2025

<h2>Output:</h2>
*** Using Compiler 'V5.06 update 7 (build 960)', folder: 'E:\Keil_v5\ARM\ARMCC\Bin'
Rebuild target 'Template'
assembling startup_stm32f407xx.s...
compiling spi.c...
compiling tim.c...
compiling rtc.c...
compiling dma.c...
compiling usart.c...
compiling main.c...
compiling stm32f4xx_it.c...
compiling gpio.c...
compiling i2c.c...
compiling stm32f4xx_hal_msp.c...
compiling stm32f4xx_hal_i2c.c...
compiling stm32f4xx_hal_flash.c...
compiling stm32f4xx_hal_pwr.c...
compiling stm32f4xx_hal_dma.c...
compiling stm32f4xx_hal_flash_ramfunc.c...
compiling stm32f4xx_hal_dma_ex.c...
compiling stm32f4xx_hal_rcc_ex.c...
compiling stm32f4xx_hal_i2c_ex.c...
compiling stm32f4xx_hal_gpio.c...
compiling stm32f4xx_hal_flash_ex.c...
compiling stm32f4xx_hal_pwr_ex.c...
compiling stm32f4xx_hal_rcc.c...
compiling ebtn.c...
compiling ringbuffer.c...
compiling stm32f4xx_hal_rtc.c...
compiling stm32f4xx_hal_tim_ex.c...
compiling system_stm32f4xx.c...
compiling stm32f4xx_hal_rtc_ex.c...
compiling stm32f4xx_hal_cortex.c...
compiling pid.c...
compiling stm32f4xx_hal_spi.c...
compiling oled.c...
compiling stm32f4xx_hal_exti.c...
compiling stm32f4xx_hal.c...
compiling menu_navigator.c...
compiling stm32f4xx_hal_uart.c...
compiling menu_wrapper.c...
compiling stm32f4xx_hal_tim.c...
compiling hardware_iic.c...
compiling icm20608_iic.c...
compiling gd25qxx.c...
compiling icm20608.c...
compiling bno08x_hal.c...
compiling AHT20.c...
compiling led_driver.c...
compiling key_driver.c...
compiling generated_code.c...
compiling Emm_V5.c...
compiling pstwo.c...
compiling uart_driver.c...
compiling zdt_motor_driver.c...
compiling motor_driver.c...
compiling oled_driver.c...
compiling encoder_driver.c...
compiling gyroscope_driver.c...
..\User\Driver\gyroscope_driver.c(9): warning:  #550-D: variable "alpha"  was set but never used
  static float alpha = 0.85f;  // 初始滤波系数，校准后调整为0.02f
..\User\Driver\gyroscope_driver.c: 1 warning, 0 errors
compiling motor_app.c...
compiling key_app.c...
..\User\App\key_app.c(20): warning:  #177-D: variable "click_cnt"  was declared but never referenced
      uint16_t click_cnt = ebtn_click_get_count(btn); // 获取连击次数 (仅在 ONCLICK 事件时有意义)
..\User\App\key_app.c: 1 warning, 0 errors
compiling oled_app.c...
compiling uart_app.c...
compiling led_app.c...
compiling gray_app.c...
compiling rtc_app.c...
compiling aht20_app.c...
compiling encoder_app.c...
compiling gyroscope_app.c...
compiling pid_app.c...
compiling flash_app.c...
compiling Scheduler_Task.c...
compiling zdt_motor_app.c...
compiling Scheduler.c...
linking...
Program Size: Code=47358 RO-data=3998 RW-data=2748 ZI-data=17156  
FromELF: creating hex file...
"Template\Template.axf" - 0 Error(s), 2 Warning(s).

<h2>Software Packages used:</h2>

Package Vendor: ARM
                https://www.keil.com/pack/ARM.CMSIS.6.1.0.pack
                ARM::CMSIS@6.1.0
                CMSIS (Common Microcontroller Software Interface Standard)
   * Component: CORE Version: 6.1.0

Package Vendor: Keil
                https://www.keil.com/pack/Keil.STM32F4xx_DFP.3.0.0.pack
                Keil::STM32F4xx_DFP@3.0.0
                STMicroelectronics STM32F4 Series Device Support

<h2>Collection of Component include folders:</h2>
  ./RTE/_Template
  E:/Keil_v5/Packs/ARM/CMSIS/6.1.0/CMSIS/Core/Include

<h2>Collection of Component Files used:</h2>

   * Component: ARM::CMSIS:CORE@6.1.0
      Include file:  CMSIS/Core/Include/tz_context.h
Build Time Elapsed:  00:00:25
</pre>
</body>
</html>
