<html>
<body>
<pre>
<h1>µVision Build Log</h1>
<h2>Tool Versions:</h2>
IDE-Version: ¦ÌVision V5.41.0.0
Copyright (C) 2024 ARM Ltd and ARM Germany GmbH. All rights reserved.
License Information: admin admin, admin, LIC=HN0AE-5FCJT-VEKHA-1F3N0-ZHPE8-8M8F0
 
Tool Versions:
Toolchain:       MDK-ARM Plus  Version: 5.41.0.0
Toolchain Path:  E:\Keil_v5\ARM\ARMCC\Bin
C Compiler:      Armcc.exe V5.06 update 7 (build 960)
Assembler:       Armasm.exe V5.06 update 7 (build 960)
Linker/Locator:  ArmLink.exe V5.06 update 7 (build 960)
Library Manager: ArmAr.exe V5.06 update 7 (build 960)
Hex Converter:   FromElf.exe V5.06 update 7 (build 960)
CPU DLL:         SARMCM3.DLL V5.41.0.0
Dialog DLL:      DCM.DLL V1.17.5.0
Target DLL:      CMSIS_AGDI.dll V1.33.21.0
Dialog DLL:      TCM.DLL V1.56.4.0
 
<h2>Project:</h2>
D:\STM32F407_MICU\11_ZDT_Step_Motor\MDK-ARM\11_ZDT_Motor.uvprojx
Project File Date:  07/29/2025

<h2>Output:</h2>
*** Using Compiler 'V5.06 update 7 (build 960)', folder: 'E:\Keil_v5\ARM\ARMCC\Bin'
Rebuild target '11_ZDT_Motor'
assembling startup_stm32f407xx.s...
compiling stm32f4xx_hal_i2c_ex.c...
compiling stm32f4xx_hal_msp.c...
compiling tim.c...
compiling stm32f4xx_it.c...
compiling usart.c...
compiling dma.c...
compiling gpio.c...
compiling i2c.c...
compiling main.c...
compiling stm32f4xx_hal_rcc.c...
compiling stm32f4xx_hal_i2c.c...
compiling stm32f4xx_hal_gpio.c...
compiling stm32f4xx_hal_pwr.c...
compiling stm32f4xx_hal_flash.c...
compiling stm32f4xx_hal_pwr_ex.c...
compiling stm32f4xx_hal_flash_ramfunc.c...
compiling stm32f4xx_hal_dma_ex.c...
compiling stm32f4xx_hal_dma.c...
compiling stm32f4xx_hal.c...
compiling stm32f4xx_hal_cortex.c...
compiling stm32f4xx_hal_rcc_ex.c...
compiling stm32f4xx_hal_flash_ex.c...
compiling ringbuffer.c...
compiling ebtn.c...
compiling madgwickFilter.c...
..\User\Module\Madgwick_Filter\madgwickFilter.c(73): warning:  #1035-D: single-precision operand implicitly converted to double-precision
      F_g[2] = 2*(0.5 - q_est_prev.q2 * q_est_prev.q2 - q_est_prev.q3 * q_est_prev.q3) - q_a.q4;
..\User\Module\Madgwick_Filter\madgwickFilter.c: 1 warning, 0 errors
compiling pid.c...
compiling icm20608.c...
compiling Emm_V5.c...
compiling stm32f4xx_hal_tim_ex.c...
compiling icm20608_iic.c...
compiling system_stm32f4xx.c...
compiling hardware_iic.c...
compiling led_driver.c...
compiling oled.c...
compiling stm32f4xx_hal_exti.c...
compiling stm32f4xx_hal_uart.c...
compiling stm32f4xx_hal_tim.c...
compiling uart_app.c...
compiling key_driver.c...
compiling encoder_driver.c...
compiling led_app.c...
compiling gyroscope_driver.c...
compiling oled_driver.c...
compiling motor_driver.c...
compiling uart_driver.c...
compiling key_app.c...
compiling zdt_motor_driver.c...
compiling oled_app.c...
compiling encoder_app.c...
compiling zdt_motor_app.c...
compiling gray_app.c...
compiling pid_app.c...
compiling Scheduler.c...
compiling gyroscope_app.c...
compiling Scheduler_Task.c...
compiling motor_app.c...
linking...
Program Size: Code=26286 RO-data=3734 RW-data=292 ZI-data=5948  
FromELF: creating hex file...
"11_ZDT_Motor\11_ZDT_Motor.axf" - 0 Error(s), 1 Warning(s).

<h2>Software Packages used:</h2>

Package Vendor: ARM
                https://www.keil.com/pack/ARM.CMSIS.6.1.0.pack
                ARM::CMSIS@6.1.0
                CMSIS (Common Microcontroller Software Interface Standard)
   * Component: CORE Version: 6.1.0

Package Vendor: Keil
                https://www.keil.com/pack/Keil.STM32F4xx_DFP.3.0.0.pack
                Keil::STM32F4xx_DFP@3.0.0
                STMicroelectronics STM32F4 Series Device Support

<h2>Collection of Component include folders:</h2>
  ./RTE/_11_ZDT_Motor
  E:/Keil_v5/Packs/ARM/CMSIS/6.1.0/CMSIS/Core/Include

<h2>Collection of Component Files used:</h2>

   * Component: ARM::CMSIS:CORE@6.1.0
      Include file:  CMSIS/Core/Include/tz_context.h
Build Time Elapsed:  00:00:18
</pre>
</body>
</html>
