<!doctype html public "-//w3c//dtd html 4.0 transitional//en">
<html><head>
<title>Static Call Graph - [.\output\Project.axf]</title></head>
<body><HR>
<H1>Static Call Graph for image .\output\Project.axf</H1><HR>
<BR><P>#&#060CALLGRAPH&#062# ARM Linker, 5060750: Last Updated: Mon Jun 09 20:00:08 2025
<BR><P>
<H3>Maximum Stack Usage =       1208 bytes + Unknown(Cycles, Untraceable Function Pointers)</H3><H3>
Call chain for Maximum Stack Depth:</H3>
__rt_entry_main &rArr; main &rArr; test_spi_flash &rArr; my_printf &rArr; vsnprintf &rArr; _printf_char_common &rArr; __printf
<P>
<H3>
Mutually Recursive functions
</H3> <LI><a href="#[2c]">ADC_IRQHandler</a>&nbsp;&nbsp;&nbsp;&rArr;&nbsp;&nbsp;&nbsp;<a href="#[2c]">ADC_IRQHandler</a><BR>
</UL>
<P>
<H3>
Function Pointers
</H3><UL>
 <LI><a href="#[76]">$Super$$SysTick_Handler</a> from gd32f4xx_it.o(i.SysTick_Handler) referenced from systick_wrapper_ual.o(.text)
 <LI><a href="#[2c]">ADC_IRQHandler</a> from startup_gd32f450_470.o(.text) referenced from startup_gd32f450_470.o(RESET)
 <LI><a href="#[14]">BusFault_Handler</a> from gd32f4xx_it.o(i.BusFault_Handler) referenced from startup_gd32f450_470.o(RESET)
 <LI><a href="#[30]">CAN0_EWMC_IRQHandler</a> from startup_gd32f450_470.o(.text) referenced from startup_gd32f450_470.o(RESET)
 <LI><a href="#[2e]">CAN0_RX0_IRQHandler</a> from startup_gd32f450_470.o(.text) referenced from startup_gd32f450_470.o(RESET)
 <LI><a href="#[2f]">CAN0_RX1_IRQHandler</a> from startup_gd32f450_470.o(.text) referenced from startup_gd32f450_470.o(RESET)
 <LI><a href="#[2d]">CAN0_TX_IRQHandler</a> from startup_gd32f450_470.o(.text) referenced from startup_gd32f450_470.o(RESET)
 <LI><a href="#[5c]">CAN1_EWMC_IRQHandler</a> from startup_gd32f450_470.o(.text) referenced from startup_gd32f450_470.o(RESET)
 <LI><a href="#[5a]">CAN1_RX0_IRQHandler</a> from startup_gd32f450_470.o(.text) referenced from startup_gd32f450_470.o(RESET)
 <LI><a href="#[5b]">CAN1_RX1_IRQHandler</a> from startup_gd32f450_470.o(.text) referenced from startup_gd32f450_470.o(RESET)
 <LI><a href="#[59]">CAN1_TX_IRQHandler</a> from startup_gd32f450_470.o(.text) referenced from startup_gd32f450_470.o(RESET)
 <LI><a href="#[68]">DCI_IRQHandler</a> from startup_gd32f450_470.o(.text) referenced from startup_gd32f450_470.o(RESET)
 <LI><a href="#[25]">DMA0_Channel0_IRQHandler</a> from startup_gd32f450_470.o(.text) referenced from startup_gd32f450_470.o(RESET)
 <LI><a href="#[26]">DMA0_Channel1_IRQHandler</a> from startup_gd32f450_470.o(.text) referenced from startup_gd32f450_470.o(RESET)
 <LI><a href="#[27]">DMA0_Channel2_IRQHandler</a> from startup_gd32f450_470.o(.text) referenced from startup_gd32f450_470.o(RESET)
 <LI><a href="#[28]">DMA0_Channel3_IRQHandler</a> from startup_gd32f450_470.o(.text) referenced from startup_gd32f450_470.o(RESET)
 <LI><a href="#[29]">DMA0_Channel4_IRQHandler</a> from startup_gd32f450_470.o(.text) referenced from startup_gd32f450_470.o(RESET)
 <LI><a href="#[2a]">DMA0_Channel5_IRQHandler</a> from startup_gd32f450_470.o(.text) referenced from startup_gd32f450_470.o(RESET)
 <LI><a href="#[2b]">DMA0_Channel6_IRQHandler</a> from startup_gd32f450_470.o(.text) referenced from startup_gd32f450_470.o(RESET)
 <LI><a href="#[49]">DMA0_Channel7_IRQHandler</a> from startup_gd32f450_470.o(.text) referenced from startup_gd32f450_470.o(RESET)
 <LI><a href="#[52]">DMA1_Channel0_IRQHandler</a> from startup_gd32f450_470.o(.text) referenced from startup_gd32f450_470.o(RESET)
 <LI><a href="#[53]">DMA1_Channel1_IRQHandler</a> from startup_gd32f450_470.o(.text) referenced from startup_gd32f450_470.o(RESET)
 <LI><a href="#[54]">DMA1_Channel2_IRQHandler</a> from startup_gd32f450_470.o(.text) referenced from startup_gd32f450_470.o(RESET)
 <LI><a href="#[55]">DMA1_Channel3_IRQHandler</a> from startup_gd32f450_470.o(.text) referenced from startup_gd32f450_470.o(RESET)
 <LI><a href="#[56]">DMA1_Channel4_IRQHandler</a> from startup_gd32f450_470.o(.text) referenced from startup_gd32f450_470.o(RESET)
 <LI><a href="#[5e]">DMA1_Channel5_IRQHandler</a> from startup_gd32f450_470.o(.text) referenced from startup_gd32f450_470.o(RESET)
 <LI><a href="#[5f]">DMA1_Channel6_IRQHandler</a> from startup_gd32f450_470.o(.text) referenced from startup_gd32f450_470.o(RESET)
 <LI><a href="#[60]">DMA1_Channel7_IRQHandler</a> from startup_gd32f450_470.o(.text) referenced from startup_gd32f450_470.o(RESET)
 <LI><a href="#[17]">DebugMon_Handler</a> from gd32f4xx_it.o(i.DebugMon_Handler) referenced from startup_gd32f450_470.o(RESET)
 <LI><a href="#[57]">ENET_IRQHandler</a> from startup_gd32f450_470.o(.text) referenced from startup_gd32f450_470.o(RESET)
 <LI><a href="#[58]">ENET_WKUP_IRQHandler</a> from startup_gd32f450_470.o(.text) referenced from startup_gd32f450_470.o(RESET)
 <LI><a href="#[4a]">EXMC_IRQHandler</a> from startup_gd32f450_470.o(.text) referenced from startup_gd32f450_470.o(RESET)
 <LI><a href="#[20]">EXTI0_IRQHandler</a> from startup_gd32f450_470.o(.text) referenced from startup_gd32f450_470.o(RESET)
 <LI><a href="#[42]">EXTI10_15_IRQHandler</a> from startup_gd32f450_470.o(.text) referenced from startup_gd32f450_470.o(RESET)
 <LI><a href="#[21]">EXTI1_IRQHandler</a> from startup_gd32f450_470.o(.text) referenced from startup_gd32f450_470.o(RESET)
 <LI><a href="#[22]">EXTI2_IRQHandler</a> from startup_gd32f450_470.o(.text) referenced from startup_gd32f450_470.o(RESET)
 <LI><a href="#[23]">EXTI3_IRQHandler</a> from startup_gd32f450_470.o(.text) referenced from startup_gd32f450_470.o(RESET)
 <LI><a href="#[24]">EXTI4_IRQHandler</a> from startup_gd32f450_470.o(.text) referenced from startup_gd32f450_470.o(RESET)
 <LI><a href="#[31]">EXTI5_9_IRQHandler</a> from startup_gd32f450_470.o(.text) referenced from startup_gd32f450_470.o(RESET)
 <LI><a href="#[1e]">FMC_IRQHandler</a> from startup_gd32f450_470.o(.text) referenced from startup_gd32f450_470.o(RESET)
 <LI><a href="#[6a]">FPU_IRQHandler</a> from startup_gd32f450_470.o(.text) referenced from startup_gd32f450_470.o(RESET)
 <LI><a href="#[12]">HardFault_Handler</a> from gd32f4xx_it.o(i.HardFault_Handler) referenced from startup_gd32f450_470.o(RESET)
 <LI><a href="#[3a]">I2C0_ER_IRQHandler</a> from startup_gd32f450_470.o(.text) referenced from startup_gd32f450_470.o(RESET)
 <LI><a href="#[39]">I2C0_EV_IRQHandler</a> from startup_gd32f450_470.o(.text) referenced from startup_gd32f450_470.o(RESET)
 <LI><a href="#[3c]">I2C1_ER_IRQHandler</a> from startup_gd32f450_470.o(.text) referenced from startup_gd32f450_470.o(RESET)
 <LI><a href="#[3b]">I2C1_EV_IRQHandler</a> from startup_gd32f450_470.o(.text) referenced from startup_gd32f450_470.o(RESET)
 <LI><a href="#[63]">I2C2_ER_IRQHandler</a> from startup_gd32f450_470.o(.text) referenced from startup_gd32f450_470.o(RESET)
 <LI><a href="#[62]">I2C2_EV_IRQHandler</a> from startup_gd32f450_470.o(.text) referenced from startup_gd32f450_470.o(RESET)
 <LI><a href="#[72]">IPA_IRQHandler</a> from startup_gd32f450_470.o(.text) referenced from startup_gd32f450_470.o(RESET)
 <LI><a href="#[1b]">LVD_IRQHandler</a> from startup_gd32f450_470.o(.text) referenced from startup_gd32f450_470.o(RESET)
 <LI><a href="#[13]">MemManage_Handler</a> from gd32f4xx_it.o(i.MemManage_Handler) referenced from startup_gd32f450_470.o(RESET)
 <LI><a href="#[11]">NMI_Handler</a> from gd32f4xx_it.o(i.NMI_Handler) referenced from startup_gd32f450_470.o(RESET)
 <LI><a href="#[18]">PendSV_Handler</a> from gd32f4xx_it.o(i.PendSV_Handler) referenced from startup_gd32f450_470.o(RESET)
 <LI><a href="#[1f]">RCU_CTC_IRQHandler</a> from startup_gd32f450_470.o(.text) referenced from startup_gd32f450_470.o(RESET)
 <LI><a href="#[43]">RTC_Alarm_IRQHandler</a> from startup_gd32f450_470.o(.text) referenced from startup_gd32f450_470.o(RESET)
 <LI><a href="#[1d]">RTC_WKUP_IRQHandler</a> from startup_gd32f450_470.o(.text) referenced from startup_gd32f450_470.o(RESET)
 <LI><a href="#[10]">Reset_Handler</a> from startup_gd32f450_470.o(.text) referenced from startup_gd32f450_470.o(RESET)
 <LI><a href="#[4b]">SDIO_IRQHandler</a> from gd32f4xx_it.o(i.SDIO_IRQHandler) referenced from startup_gd32f450_470.o(RESET)
 <LI><a href="#[3d]">SPI0_IRQHandler</a> from startup_gd32f450_470.o(.text) referenced from startup_gd32f450_470.o(RESET)
 <LI><a href="#[3e]">SPI1_IRQHandler</a> from startup_gd32f450_470.o(.text) referenced from startup_gd32f450_470.o(RESET)
 <LI><a href="#[4d]">SPI2_IRQHandler</a> from startup_gd32f450_470.o(.text) referenced from startup_gd32f450_470.o(RESET)
 <LI><a href="#[6d]">SPI3_IRQHandler</a> from startup_gd32f450_470.o(.text) referenced from startup_gd32f450_470.o(RESET)
 <LI><a href="#[6e]">SPI4_IRQHandler</a> from startup_gd32f450_470.o(.text) referenced from startup_gd32f450_470.o(RESET)
 <LI><a href="#[6f]">SPI5_IRQHandler</a> from startup_gd32f450_470.o(.text) referenced from startup_gd32f450_470.o(RESET)
 <LI><a href="#[16]">SVC_Handler</a> from gd32f4xx_it.o(i.SVC_Handler) referenced from startup_gd32f450_470.o(RESET)
 <LI><a href="#[19]">SysTick_Handler</a> from systick_wrapper_ual.o(.text) referenced from startup_gd32f450_470.o(RESET)
 <LI><a href="#[73]">SystemInit</a> from system_gd32f4xx.o(i.SystemInit) referenced from startup_gd32f450_470.o(.text)
 <LI><a href="#[1c]">TAMPER_STAMP_IRQHandler</a> from startup_gd32f450_470.o(.text) referenced from startup_gd32f450_470.o(RESET)
 <LI><a href="#[32]">TIMER0_BRK_TIMER8_IRQHandler</a> from startup_gd32f450_470.o(.text) referenced from startup_gd32f450_470.o(RESET)
 <LI><a href="#[35]">TIMER0_Channel_IRQHandler</a> from startup_gd32f450_470.o(.text) referenced from startup_gd32f450_470.o(RESET)
 <LI><a href="#[34]">TIMER0_TRG_CMT_TIMER10_IRQHandler</a> from startup_gd32f450_470.o(.text) referenced from startup_gd32f450_470.o(RESET)
 <LI><a href="#[33]">TIMER0_UP_TIMER9_IRQHandler</a> from startup_gd32f450_470.o(.text) referenced from startup_gd32f450_470.o(RESET)
 <LI><a href="#[36]">TIMER1_IRQHandler</a> from startup_gd32f450_470.o(.text) referenced from startup_gd32f450_470.o(RESET)
 <LI><a href="#[37]">TIMER2_IRQHandler</a> from startup_gd32f450_470.o(.text) referenced from startup_gd32f450_470.o(RESET)
 <LI><a href="#[38]">TIMER3_IRQHandler</a> from startup_gd32f450_470.o(.text) referenced from startup_gd32f450_470.o(RESET)
 <LI><a href="#[4c]">TIMER4_IRQHandler</a> from startup_gd32f450_470.o(.text) referenced from startup_gd32f450_470.o(RESET)
 <LI><a href="#[50]">TIMER5_DAC_IRQHandler</a> from startup_gd32f450_470.o(.text) referenced from startup_gd32f450_470.o(RESET)
 <LI><a href="#[51]">TIMER6_IRQHandler</a> from startup_gd32f450_470.o(.text) referenced from startup_gd32f450_470.o(RESET)
 <LI><a href="#[45]">TIMER7_BRK_TIMER11_IRQHandler</a> from startup_gd32f450_470.o(.text) referenced from startup_gd32f450_470.o(RESET)
 <LI><a href="#[48]">TIMER7_Channel_IRQHandler</a> from startup_gd32f450_470.o(.text) referenced from startup_gd32f450_470.o(RESET)
 <LI><a href="#[47]">TIMER7_TRG_CMT_TIMER13_IRQHandler</a> from startup_gd32f450_470.o(.text) referenced from startup_gd32f450_470.o(RESET)
 <LI><a href="#[46]">TIMER7_UP_TIMER12_IRQHandler</a> from startup_gd32f450_470.o(.text) referenced from startup_gd32f450_470.o(RESET)
 <LI><a href="#[71]">TLI_ER_IRQHandler</a> from startup_gd32f450_470.o(.text) referenced from startup_gd32f450_470.o(RESET)
 <LI><a href="#[70]">TLI_IRQHandler</a> from startup_gd32f450_470.o(.text) referenced from startup_gd32f450_470.o(RESET)
 <LI><a href="#[69]">TRNG_IRQHandler</a> from startup_gd32f450_470.o(.text) referenced from startup_gd32f450_470.o(RESET)
 <LI><a href="#[4e]">UART3_IRQHandler</a> from startup_gd32f450_470.o(.text) referenced from startup_gd32f450_470.o(RESET)
 <LI><a href="#[4f]">UART4_IRQHandler</a> from startup_gd32f450_470.o(.text) referenced from startup_gd32f450_470.o(RESET)
 <LI><a href="#[6b]">UART6_IRQHandler</a> from startup_gd32f450_470.o(.text) referenced from startup_gd32f450_470.o(RESET)
 <LI><a href="#[6c]">UART7_IRQHandler</a> from startup_gd32f450_470.o(.text) referenced from startup_gd32f450_470.o(RESET)
 <LI><a href="#[3f]">USART0_IRQHandler</a> from gd32f4xx_it.o(i.USART0_IRQHandler) referenced from startup_gd32f450_470.o(RESET)
 <LI><a href="#[40]">USART1_IRQHandler</a> from startup_gd32f450_470.o(.text) referenced from startup_gd32f450_470.o(RESET)
 <LI><a href="#[41]">USART2_IRQHandler</a> from startup_gd32f450_470.o(.text) referenced from startup_gd32f450_470.o(RESET)
 <LI><a href="#[61]">USART5_IRQHandler</a> from startup_gd32f450_470.o(.text) referenced from startup_gd32f450_470.o(RESET)
 <LI><a href="#[5d]">USBFS_IRQHandler</a> from startup_gd32f450_470.o(.text) referenced from startup_gd32f450_470.o(RESET)
 <LI><a href="#[44]">USBFS_WKUP_IRQHandler</a> from startup_gd32f450_470.o(.text) referenced from startup_gd32f450_470.o(RESET)
 <LI><a href="#[65]">USBHS_EP1_In_IRQHandler</a> from startup_gd32f450_470.o(.text) referenced from startup_gd32f450_470.o(RESET)
 <LI><a href="#[64]">USBHS_EP1_Out_IRQHandler</a> from startup_gd32f450_470.o(.text) referenced from startup_gd32f450_470.o(RESET)
 <LI><a href="#[67]">USBHS_IRQHandler</a> from startup_gd32f450_470.o(.text) referenced from startup_gd32f450_470.o(RESET)
 <LI><a href="#[66]">USBHS_WKUP_IRQHandler</a> from startup_gd32f450_470.o(.text) referenced from startup_gd32f450_470.o(RESET)
 <LI><a href="#[15]">UsageFault_Handler</a> from gd32f4xx_it.o(i.UsageFault_Handler) referenced from startup_gd32f450_470.o(RESET)
 <LI><a href="#[1a]">WWDGT_IRQHandler</a> from startup_gd32f450_470.o(.text) referenced from startup_gd32f450_470.o(RESET)
 <LI><a href="#[7e]">__main</a> from __main.o(!!!main) referenced from startup_gd32f450_470.o(.text)
 <LI><a href="#[7d]">__perf_counter_init</a> from perf_counter.o(i.__perf_counter_init) referenced from perf_counter.o(.init_array)
 <LI><a href="#[7a]">_get_lc_ctype</a> from lc_ctype_c.o(locale$$code) referenced from rt_ctype_table.o(.text)
 <LI><a href="#[79]">_printf_input_char</a> from _printf_char_common.o(.text) referenced from _printf_char_common.o(.text)
 <LI><a href="#[77]">_snputc</a> from _snputc.o(.text) referenced from vsnprintf.o(.text)
 <LI><a href="#[78]">_sputc</a> from _sputc.o(.text) referenced from __2sprintf.o(.text)
 <LI><a href="#[b]">adc_task</a> from adc_app.o(i.adc_task) referenced 2 times from scheduler.o(.data)
 <LI><a href="#[d]">btn_task</a> from btn_app.o(i.btn_task) referenced 2 times from scheduler.o(.data)
 <LI><a href="#[a]">led_task</a> from led_app.o(i.led_task) referenced 2 times from scheduler.o(.data)
 <LI><a href="#[c]">oled_task</a> from oled_app.o(i.oled_task) referenced 2 times from scheduler.o(.data)
 <LI><a href="#[75]">perfc_port_insert_to_system_timer_insert_ovf_handler</a> from perf_counter.o(i.perfc_port_insert_to_system_timer_insert_ovf_handler) referenced from systick_wrapper_ual.o(.text)
 <LI><a href="#[7b]">prv_btn_event</a> from btn_app.o(i.prv_btn_event) referenced from btn_app.o(i.app_btn_init)
 <LI><a href="#[7c]">prv_btn_get_state</a> from btn_app.o(i.prv_btn_get_state) referenced from btn_app.o(i.app_btn_init)
 <LI><a href="#[f]">rtc_task</a> from rtc_app.o(i.rtc_task) referenced 2 times from scheduler.o(.data)
 <LI><a href="#[e]">uart_task</a> from usart_app.o(i.uart_task) referenced 2 times from scheduler.o(.data)
</UL>
<P>
<H3>
Global Symbols
</H3>
<P><STRONG><a name="[7e]"></a>__main</STRONG> (Thumb, 8 bytes, Stack size 0 bytes, __main.o(!!!main))
<BR><BR>[Calls]<UL><LI><a href="#[81]">&gt;&gt;</a>&nbsp;&nbsp;&nbsp;__rt_entry
<LI><a href="#[80]">&gt;&gt;</a>&nbsp;&nbsp;&nbsp;__scatterload
</UL>

<P><STRONG><a name="[80]"></a>__scatterload</STRONG> (Thumb, 0 bytes, Stack size unknown bytes, __scatter.o(!!!scatter))
<BR><BR>[Called By]<UL><LI><a href="#[7e]">&gt;&gt;</a>&nbsp;&nbsp;&nbsp;__main
</UL>

<P><STRONG><a name="[82]"></a>__scatterload_rt2</STRONG> (Thumb, 44 bytes, Stack size unknown bytes, __scatter.o(!!!scatter), UNUSED)
<BR><BR>[Calls]<UL><LI><a href="#[81]">&gt;&gt;</a>&nbsp;&nbsp;&nbsp;__rt_entry
</UL>

<P><STRONG><a name="[1e6]"></a>__scatterload_rt2_thumb_only</STRONG> (Thumb, 0 bytes, Stack size unknown bytes, __scatter.o(!!!scatter), UNUSED)

<P><STRONG><a name="[1e7]"></a>__scatterload_null</STRONG> (Thumb, 0 bytes, Stack size unknown bytes, __scatter.o(!!!scatter), UNUSED)

<P><STRONG><a name="[1e8]"></a>__decompress</STRONG> (Thumb, 90 bytes, Stack size unknown bytes, __dczerorl2.o(!!dczerorl2), UNUSED)

<P><STRONG><a name="[1e9]"></a>__decompress1</STRONG> (Thumb, 0 bytes, Stack size unknown bytes, __dczerorl2.o(!!dczerorl2), UNUSED)

<P><STRONG><a name="[1ea]"></a>__scatterload_zeroinit</STRONG> (Thumb, 28 bytes, Stack size unknown bytes, __scatter_zi.o(!!handler_zi), UNUSED)

<P><STRONG><a name="[83]"></a>_printf_n</STRONG> (Thumb, 0 bytes, Stack size unknown bytes, _printf_n.o(.ARM.Collect$$_printf_percent$$00000001))
<BR><BR>[Calls]<UL><LI><a href="#[84]">&gt;&gt;</a>&nbsp;&nbsp;&nbsp;_printf_charcount
</UL>

<P><STRONG><a name="[c3]"></a>_printf_percent</STRONG> (Thumb, 0 bytes, Stack size unknown bytes, _printf_percent.o(.ARM.Collect$$_printf_percent$$00000000))
<BR><BR>[Called By]<UL><LI><a href="#[c1]">&gt;&gt;</a>&nbsp;&nbsp;&nbsp;__printf
</UL>

<P><STRONG><a name="[85]"></a>_printf_p</STRONG> (Thumb, 0 bytes, Stack size unknown bytes, _printf_p.o(.ARM.Collect$$_printf_percent$$00000002))
<BR><BR>[Stack]<UL><LI>Max Depth = 64 + Unknown Stack Size
<LI>Call Chain = _printf_p &rArr; _printf_hex_ptr &rArr; _printf_longlong_hex &rArr; _printf_int_common &rArr; _printf_post_padding
</UL>
<BR>[Calls]<UL><LI><a href="#[86]">&gt;&gt;</a>&nbsp;&nbsp;&nbsp;_printf_hex_ptr
</UL>

<P><STRONG><a name="[87]"></a>_printf_f</STRONG> (Thumb, 0 bytes, Stack size unknown bytes, _printf_f.o(.ARM.Collect$$_printf_percent$$00000003))
<BR><BR>[Stack]<UL><LI>Max Depth = 324 + Unknown Stack Size
<LI>Call Chain = _printf_f &rArr; _printf_fp_dec &rArr; _printf_fp_dec_real &rArr; _fp_digits &rArr; _btod_etento &rArr; _btod_emul &rArr; _e2e
</UL>
<BR>[Calls]<UL><LI><a href="#[88]">&gt;&gt;</a>&nbsp;&nbsp;&nbsp;_printf_fp_dec
</UL>

<P><STRONG><a name="[89]"></a>_printf_e</STRONG> (Thumb, 0 bytes, Stack size unknown bytes, _printf_e.o(.ARM.Collect$$_printf_percent$$00000004))
<BR><BR>[Stack]<UL><LI>Max Depth = 324 + Unknown Stack Size
<LI>Call Chain = _printf_e &rArr; _printf_fp_dec &rArr; _printf_fp_dec_real &rArr; _fp_digits &rArr; _btod_etento &rArr; _btod_emul &rArr; _e2e
</UL>
<BR>[Calls]<UL><LI><a href="#[88]">&gt;&gt;</a>&nbsp;&nbsp;&nbsp;_printf_fp_dec
</UL>

<P><STRONG><a name="[8a]"></a>_printf_g</STRONG> (Thumb, 0 bytes, Stack size unknown bytes, _printf_g.o(.ARM.Collect$$_printf_percent$$00000005))
<BR><BR>[Stack]<UL><LI>Max Depth = 324 + Unknown Stack Size
<LI>Call Chain = _printf_g &rArr; _printf_fp_dec &rArr; _printf_fp_dec_real &rArr; _fp_digits &rArr; _btod_etento &rArr; _btod_emul &rArr; _e2e
</UL>
<BR>[Calls]<UL><LI><a href="#[88]">&gt;&gt;</a>&nbsp;&nbsp;&nbsp;_printf_fp_dec
</UL>

<P><STRONG><a name="[8b]"></a>_printf_a</STRONG> (Thumb, 0 bytes, Stack size unknown bytes, _printf_a.o(.ARM.Collect$$_printf_percent$$00000006))
<BR><BR>[Stack]<UL><LI>Max Depth = 112 + Unknown Stack Size
<LI>Call Chain = _printf_a &rArr; _printf_fp_hex &rArr; _printf_fp_hex_real &rArr; _printf_fp_infnan &rArr; _printf_post_padding
</UL>
<BR>[Calls]<UL><LI><a href="#[8c]">&gt;&gt;</a>&nbsp;&nbsp;&nbsp;_printf_fp_hex
</UL>

<P><STRONG><a name="[1eb]"></a>_printf_ll</STRONG> (Thumb, 0 bytes, Stack size unknown bytes, _printf_ll.o(.ARM.Collect$$_printf_percent$$00000007))

<P><STRONG><a name="[8d]"></a>_printf_i</STRONG> (Thumb, 0 bytes, Stack size unknown bytes, _printf_i.o(.ARM.Collect$$_printf_percent$$00000008))
<BR><BR>[Stack]<UL><LI>Max Depth = 72 + Unknown Stack Size
<LI>Call Chain = _printf_i &rArr; _printf_int_dec &rArr; _printf_int_common &rArr; _printf_post_padding
</UL>
<BR>[Calls]<UL><LI><a href="#[8e]">&gt;&gt;</a>&nbsp;&nbsp;&nbsp;_printf_int_dec
</UL>

<P><STRONG><a name="[8f]"></a>_printf_d</STRONG> (Thumb, 0 bytes, Stack size unknown bytes, _printf_d.o(.ARM.Collect$$_printf_percent$$00000009))
<BR><BR>[Stack]<UL><LI>Max Depth = 72 + Unknown Stack Size
<LI>Call Chain = _printf_d &rArr; _printf_int_dec &rArr; _printf_int_common &rArr; _printf_post_padding
</UL>
<BR>[Calls]<UL><LI><a href="#[8e]">&gt;&gt;</a>&nbsp;&nbsp;&nbsp;_printf_int_dec
</UL>

<P><STRONG><a name="[90]"></a>_printf_u</STRONG> (Thumb, 0 bytes, Stack size unknown bytes, _printf_u.o(.ARM.Collect$$_printf_percent$$0000000A))
<BR><BR>[Stack]<UL><LI>Max Depth = 72 + Unknown Stack Size
<LI>Call Chain = _printf_u &rArr; _printf_int_dec &rArr; _printf_int_common &rArr; _printf_post_padding
</UL>
<BR>[Calls]<UL><LI><a href="#[8e]">&gt;&gt;</a>&nbsp;&nbsp;&nbsp;_printf_int_dec
</UL>

<P><STRONG><a name="[91]"></a>_printf_o</STRONG> (Thumb, 0 bytes, Stack size unknown bytes, _printf_o.o(.ARM.Collect$$_printf_percent$$0000000B))
<BR><BR>[Stack]<UL><LI>Max Depth = 64 + Unknown Stack Size
<LI>Call Chain = _printf_o &rArr; _printf_int_oct &rArr; _printf_longlong_oct &rArr; _printf_int_common &rArr; _printf_post_padding
</UL>
<BR>[Calls]<UL><LI><a href="#[92]">&gt;&gt;</a>&nbsp;&nbsp;&nbsp;_printf_int_oct
</UL>

<P><STRONG><a name="[93]"></a>_printf_x</STRONG> (Thumb, 0 bytes, Stack size unknown bytes, _printf_x.o(.ARM.Collect$$_printf_percent$$0000000C))
<BR><BR>[Stack]<UL><LI>Max Depth = 80 + Unknown Stack Size
<LI>Call Chain = _printf_x &rArr; _printf_int_hex &rArr; _printf_longlong_hex &rArr; _printf_int_common &rArr; _printf_post_padding
</UL>
<BR>[Calls]<UL><LI><a href="#[94]">&gt;&gt;</a>&nbsp;&nbsp;&nbsp;_printf_int_hex
</UL>

<P><STRONG><a name="[95]"></a>_printf_lli</STRONG> (Thumb, 0 bytes, Stack size unknown bytes, _printf_lli.o(.ARM.Collect$$_printf_percent$$0000000D))
<BR><BR>[Stack]<UL><LI>Max Depth = 72 + Unknown Stack Size
<LI>Call Chain = _printf_lli &rArr; _printf_longlong_dec &rArr; _printf_int_common &rArr; _printf_post_padding
</UL>
<BR>[Calls]<UL><LI><a href="#[96]">&gt;&gt;</a>&nbsp;&nbsp;&nbsp;_printf_longlong_dec
</UL>

<P><STRONG><a name="[97]"></a>_printf_lld</STRONG> (Thumb, 0 bytes, Stack size unknown bytes, _printf_lld.o(.ARM.Collect$$_printf_percent$$0000000E))
<BR><BR>[Stack]<UL><LI>Max Depth = 72 + Unknown Stack Size
<LI>Call Chain = _printf_lld &rArr; _printf_longlong_dec &rArr; _printf_int_common &rArr; _printf_post_padding
</UL>
<BR>[Calls]<UL><LI><a href="#[96]">&gt;&gt;</a>&nbsp;&nbsp;&nbsp;_printf_longlong_dec
</UL>

<P><STRONG><a name="[98]"></a>_printf_llu</STRONG> (Thumb, 0 bytes, Stack size unknown bytes, _printf_llu.o(.ARM.Collect$$_printf_percent$$0000000F))
<BR><BR>[Stack]<UL><LI>Max Depth = 72 + Unknown Stack Size
<LI>Call Chain = _printf_llu &rArr; _printf_longlong_dec &rArr; _printf_int_common &rArr; _printf_post_padding
</UL>
<BR>[Calls]<UL><LI><a href="#[96]">&gt;&gt;</a>&nbsp;&nbsp;&nbsp;_printf_longlong_dec
</UL>

<P><STRONG><a name="[99]"></a>_printf_llo</STRONG> (Thumb, 0 bytes, Stack size unknown bytes, _printf_llo.o(.ARM.Collect$$_printf_percent$$00000010))
<BR><BR>[Stack]<UL><LI>Max Depth = 56 + Unknown Stack Size
<LI>Call Chain = _printf_llo &rArr; _printf_ll_oct &rArr; _printf_longlong_oct &rArr; _printf_int_common &rArr; _printf_post_padding
</UL>
<BR>[Calls]<UL><LI><a href="#[9a]">&gt;&gt;</a>&nbsp;&nbsp;&nbsp;_printf_ll_oct
</UL>

<P><STRONG><a name="[9b]"></a>_printf_llx</STRONG> (Thumb, 0 bytes, Stack size unknown bytes, _printf_llx.o(.ARM.Collect$$_printf_percent$$00000011))
<BR><BR>[Stack]<UL><LI>Max Depth = 64 + Unknown Stack Size
<LI>Call Chain = _printf_llx &rArr; _printf_ll_hex &rArr; _printf_longlong_hex &rArr; _printf_int_common &rArr; _printf_post_padding
</UL>
<BR>[Calls]<UL><LI><a href="#[9c]">&gt;&gt;</a>&nbsp;&nbsp;&nbsp;_printf_ll_hex
</UL>

<P><STRONG><a name="[1ec]"></a>_printf_l</STRONG> (Thumb, 0 bytes, Stack size unknown bytes, _printf_l.o(.ARM.Collect$$_printf_percent$$00000012))

<P><STRONG><a name="[9d]"></a>_printf_c</STRONG> (Thumb, 0 bytes, Stack size unknown bytes, _printf_c.o(.ARM.Collect$$_printf_percent$$00000013))
<BR><BR>[Stack]<UL><LI>Max Depth = 40 + Unknown Stack Size
<LI>Call Chain = _printf_c &rArr; _printf_char &rArr; _printf_cs_common &rArr; _printf_str &rArr; _printf_post_padding
</UL>
<BR>[Calls]<UL><LI><a href="#[9e]">&gt;&gt;</a>&nbsp;&nbsp;&nbsp;_printf_char
</UL>

<P><STRONG><a name="[9f]"></a>_printf_s</STRONG> (Thumb, 0 bytes, Stack size unknown bytes, _printf_s.o(.ARM.Collect$$_printf_percent$$00000014))
<BR><BR>[Stack]<UL><LI>Max Depth = 40 + Unknown Stack Size
<LI>Call Chain = _printf_s &rArr; _printf_string &rArr; _printf_cs_common &rArr; _printf_str &rArr; _printf_post_padding
</UL>
<BR>[Calls]<UL><LI><a href="#[a0]">&gt;&gt;</a>&nbsp;&nbsp;&nbsp;_printf_string
</UL>

<P><STRONG><a name="[a1]"></a>_printf_lc</STRONG> (Thumb, 0 bytes, Stack size unknown bytes, _printf_lc.o(.ARM.Collect$$_printf_percent$$00000015))
<BR><BR>[Stack]<UL><LI>Max Depth = 88 + Unknown Stack Size
<LI>Call Chain = _printf_lc &rArr; _printf_wchar &rArr; _printf_lcs_common &rArr; _printf_wctomb &rArr; _wcrtomb &rArr; __rt_ctype_table
</UL>
<BR>[Calls]<UL><LI><a href="#[a2]">&gt;&gt;</a>&nbsp;&nbsp;&nbsp;_printf_wchar
</UL>

<P><STRONG><a name="[a3]"></a>_printf_ls</STRONG> (Thumb, 0 bytes, Stack size unknown bytes, _printf_ls.o(.ARM.Collect$$_printf_percent$$00000016))
<BR><BR>[Stack]<UL><LI>Max Depth = 88 + Unknown Stack Size
<LI>Call Chain = _printf_ls &rArr; _printf_wstring &rArr; _printf_lcs_common &rArr; _printf_wctomb &rArr; _wcrtomb &rArr; __rt_ctype_table
</UL>
<BR>[Calls]<UL><LI><a href="#[a4]">&gt;&gt;</a>&nbsp;&nbsp;&nbsp;_printf_wstring
</UL>

<P><STRONG><a name="[1ed]"></a>_printf_percent_end</STRONG> (Thumb, 0 bytes, Stack size unknown bytes, _printf_percent_end.o(.ARM.Collect$$_printf_percent$$00000017))

<P><STRONG><a name="[b0]"></a>__rt_lib_init</STRONG> (Thumb, 0 bytes, Stack size unknown bytes, libinit.o(.ARM.Collect$$libinit$$00000000))
<BR><BR>[Called By]<UL><LI><a href="#[af]">&gt;&gt;</a>&nbsp;&nbsp;&nbsp;__rt_entry_li
</UL>

<P><STRONG><a name="[a5]"></a>__rt_lib_init_fp_1</STRONG> (Thumb, 0 bytes, Stack size unknown bytes, libinit2.o(.ARM.Collect$$libinit$$00000001))
<BR><BR>[Calls]<UL><LI><a href="#[a6]">&gt;&gt;</a>&nbsp;&nbsp;&nbsp;_fp_init
</UL>

<P><STRONG><a name="[1ee]"></a>__rt_lib_init_heap_1</STRONG> (Thumb, 0 bytes, Stack size unknown bytes, libinit2.o(.ARM.Collect$$libinit$$0000000A))

<P><STRONG><a name="[a7]"></a>__rt_lib_init_lc_common</STRONG> (Thumb, 0 bytes, Stack size unknown bytes, libinit2.o(.ARM.Collect$$libinit$$0000000F))
<BR><BR>[Calls]<UL><LI><a href="#[a8]">&gt;&gt;</a>&nbsp;&nbsp;&nbsp;__rt_locale
</UL>

<P><STRONG><a name="[1ef]"></a>__rt_lib_init_preinit_1</STRONG> (Thumb, 0 bytes, Stack size unknown bytes, libinit2.o(.ARM.Collect$$libinit$$00000004))

<P><STRONG><a name="[1f0]"></a>__rt_lib_init_rand_1</STRONG> (Thumb, 0 bytes, Stack size unknown bytes, libinit2.o(.ARM.Collect$$libinit$$0000000E))

<P><STRONG><a name="[1f1]"></a>__rt_lib_init_user_alloc_1</STRONG> (Thumb, 0 bytes, Stack size unknown bytes, libinit2.o(.ARM.Collect$$libinit$$0000000C))

<P><STRONG><a name="[1f2]"></a>__rt_lib_init_lc_collate_1</STRONG> (Thumb, 0 bytes, Stack size unknown bytes, libinit2.o(.ARM.Collect$$libinit$$00000011))

<P><STRONG><a name="[a9]"></a>__rt_lib_init_lc_ctype_2</STRONG> (Thumb, 0 bytes, Stack size unknown bytes, libinit2.o(.ARM.Collect$$libinit$$00000012))
<BR><BR>[Stack]<UL><LI>Max Depth = 8 + Unknown Stack Size
<LI>Call Chain = __rt_lib_init_lc_ctype_2 &rArr; _get_lc_ctype
</UL>
<BR>[Calls]<UL><LI><a href="#[7a]">&gt;&gt;</a>&nbsp;&nbsp;&nbsp;_get_lc_ctype
</UL>

<P><STRONG><a name="[1f3]"></a>__rt_lib_init_lc_ctype_1</STRONG> (Thumb, 0 bytes, Stack size unknown bytes, libinit2.o(.ARM.Collect$$libinit$$00000013))

<P><STRONG><a name="[1f4]"></a>__rt_lib_init_lc_monetary_1</STRONG> (Thumb, 0 bytes, Stack size unknown bytes, libinit2.o(.ARM.Collect$$libinit$$00000015))

<P><STRONG><a name="[aa]"></a>__rt_lib_init_lc_numeric_2</STRONG> (Thumb, 0 bytes, Stack size unknown bytes, libinit2.o(.ARM.Collect$$libinit$$00000016))
<BR><BR>[Stack]<UL><LI>Max Depth = 8 + Unknown Stack Size
<LI>Call Chain = __rt_lib_init_lc_numeric_2 &rArr; _get_lc_numeric
</UL>
<BR>[Calls]<UL><LI><a href="#[ab]">&gt;&gt;</a>&nbsp;&nbsp;&nbsp;_get_lc_numeric
</UL>

<P><STRONG><a name="[1f5]"></a>__rt_lib_init_alloca_1</STRONG> (Thumb, 0 bytes, Stack size unknown bytes, libinit2.o(.ARM.Collect$$libinit$$0000002E))

<P><STRONG><a name="[1f6]"></a>__rt_lib_init_argv_1</STRONG> (Thumb, 0 bytes, Stack size unknown bytes, libinit2.o(.ARM.Collect$$libinit$$0000002C))

<P><STRONG><a name="[1f7]"></a>__rt_lib_init_atexit_1</STRONG> (Thumb, 0 bytes, Stack size unknown bytes, libinit2.o(.ARM.Collect$$libinit$$0000001B))

<P><STRONG><a name="[1f8]"></a>__rt_lib_init_clock_1</STRONG> (Thumb, 0 bytes, Stack size unknown bytes, libinit2.o(.ARM.Collect$$libinit$$00000021))

<P><STRONG><a name="[ac]"></a>__rt_lib_init_cpp_2</STRONG> (Thumb, 0 bytes, Stack size unknown bytes, libinit2.o(.ARM.Collect$$libinit$$00000031))
<BR><BR>[Stack]<UL><LI>Max Depth = 16 + Unknown Stack Size
<LI>Call Chain = __rt_lib_init_cpp_2 &rArr; __cpp_initialize__aeabi_
</UL>
<BR>[Calls]<UL><LI><a href="#[7f]">&gt;&gt;</a>&nbsp;&nbsp;&nbsp;__cpp_initialize__aeabi_
</UL>

<P><STRONG><a name="[1f9]"></a>__rt_lib_init_exceptions_1</STRONG> (Thumb, 0 bytes, Stack size unknown bytes, libinit2.o(.ARM.Collect$$libinit$$00000030))

<P><STRONG><a name="[1fa]"></a>__rt_lib_init_fp_trap_1</STRONG> (Thumb, 0 bytes, Stack size unknown bytes, libinit2.o(.ARM.Collect$$libinit$$0000001F))

<P><STRONG><a name="[1fb]"></a>__rt_lib_init_getenv_1</STRONG> (Thumb, 0 bytes, Stack size unknown bytes, libinit2.o(.ARM.Collect$$libinit$$00000023))

<P><STRONG><a name="[1fc]"></a>__rt_lib_init_lc_numeric_1</STRONG> (Thumb, 0 bytes, Stack size unknown bytes, libinit2.o(.ARM.Collect$$libinit$$00000017))

<P><STRONG><a name="[1fd]"></a>__rt_lib_init_lc_time_1</STRONG> (Thumb, 0 bytes, Stack size unknown bytes, libinit2.o(.ARM.Collect$$libinit$$00000019))

<P><STRONG><a name="[1fe]"></a>__rt_lib_init_signal_1</STRONG> (Thumb, 0 bytes, Stack size unknown bytes, libinit2.o(.ARM.Collect$$libinit$$0000001D))

<P><STRONG><a name="[1ff]"></a>__rt_lib_init_stdio_1</STRONG> (Thumb, 0 bytes, Stack size unknown bytes, libinit2.o(.ARM.Collect$$libinit$$00000025))

<P><STRONG><a name="[200]"></a>__rt_lib_init_cpp_1</STRONG> (Thumb, 0 bytes, Stack size unknown bytes, libinit2.o(.ARM.Collect$$libinit$$00000032))

<P><STRONG><a name="[201]"></a>__rt_lib_init_return</STRONG> (Thumb, 0 bytes, Stack size unknown bytes, libinit2.o(.ARM.Collect$$libinit$$00000033))

<P><STRONG><a name="[b5]"></a>__rt_lib_shutdown</STRONG> (Thumb, 0 bytes, Stack size unknown bytes, libshutdown.o(.ARM.Collect$$libshutdown$$00000000))
<BR><BR>[Called By]<UL><LI><a href="#[b4]">&gt;&gt;</a>&nbsp;&nbsp;&nbsp;__rt_exit_ls
</UL>

<P><STRONG><a name="[202]"></a>__rt_lib_shutdown_cpp_1</STRONG> (Thumb, 0 bytes, Stack size unknown bytes, libshutdown2.o(.ARM.Collect$$libshutdown$$00000002))

<P><STRONG><a name="[203]"></a>__rt_lib_shutdown_fp_trap_1</STRONG> (Thumb, 0 bytes, Stack size unknown bytes, libshutdown2.o(.ARM.Collect$$libshutdown$$00000007))

<P><STRONG><a name="[204]"></a>__rt_lib_shutdown_heap_1</STRONG> (Thumb, 0 bytes, Stack size unknown bytes, libshutdown2.o(.ARM.Collect$$libshutdown$$0000000F))

<P><STRONG><a name="[205]"></a>__rt_lib_shutdown_return</STRONG> (Thumb, 0 bytes, Stack size unknown bytes, libshutdown2.o(.ARM.Collect$$libshutdown$$00000010))

<P><STRONG><a name="[206]"></a>__rt_lib_shutdown_signal_1</STRONG> (Thumb, 0 bytes, Stack size unknown bytes, libshutdown2.o(.ARM.Collect$$libshutdown$$0000000A))

<P><STRONG><a name="[207]"></a>__rt_lib_shutdown_stdio_1</STRONG> (Thumb, 0 bytes, Stack size unknown bytes, libshutdown2.o(.ARM.Collect$$libshutdown$$00000004))

<P><STRONG><a name="[208]"></a>__rt_lib_shutdown_user_alloc_1</STRONG> (Thumb, 0 bytes, Stack size unknown bytes, libshutdown2.o(.ARM.Collect$$libshutdown$$0000000C))

<P><STRONG><a name="[81]"></a>__rt_entry</STRONG> (Thumb, 0 bytes, Stack size unknown bytes, __rtentry.o(.ARM.Collect$$rtentry$$00000000))
<BR><BR>[Called By]<UL><LI><a href="#[7e]">&gt;&gt;</a>&nbsp;&nbsp;&nbsp;__main
<LI><a href="#[82]">&gt;&gt;</a>&nbsp;&nbsp;&nbsp;__scatterload_rt2
</UL>

<P><STRONG><a name="[209]"></a>__rt_entry_presh_1</STRONG> (Thumb, 0 bytes, Stack size unknown bytes, __rtentry2.o(.ARM.Collect$$rtentry$$00000002))

<P><STRONG><a name="[ad]"></a>__rt_entry_sh</STRONG> (Thumb, 0 bytes, Stack size unknown bytes, __rtentry4.o(.ARM.Collect$$rtentry$$00000004))
<BR><BR>[Stack]<UL><LI>Max Depth = 8 + Unknown Stack Size
<LI>Call Chain = __rt_entry_sh &rArr; __user_setup_stackheap
</UL>
<BR>[Calls]<UL><LI><a href="#[ae]">&gt;&gt;</a>&nbsp;&nbsp;&nbsp;__user_setup_stackheap
</UL>

<P><STRONG><a name="[af]"></a>__rt_entry_li</STRONG> (Thumb, 0 bytes, Stack size unknown bytes, __rtentry2.o(.ARM.Collect$$rtentry$$0000000A))
<BR><BR>[Calls]<UL><LI><a href="#[b0]">&gt;&gt;</a>&nbsp;&nbsp;&nbsp;__rt_lib_init
</UL>

<P><STRONG><a name="[20a]"></a>__rt_entry_postsh_1</STRONG> (Thumb, 0 bytes, Stack size unknown bytes, __rtentry2.o(.ARM.Collect$$rtentry$$00000009))

<P><STRONG><a name="[b1]"></a>__rt_entry_main</STRONG> (Thumb, 0 bytes, Stack size unknown bytes, __rtentry2.o(.ARM.Collect$$rtentry$$0000000D))
<BR><BR>[Stack]<UL><LI>Max Depth = 1208 + Unknown Stack Size
<LI>Call Chain = __rt_entry_main &rArr; main &rArr; test_spi_flash &rArr; my_printf &rArr; vsnprintf &rArr; _printf_char_common &rArr; __printf
</UL>
<BR>[Calls]<UL><LI><a href="#[b2]">&gt;&gt;</a>&nbsp;&nbsp;&nbsp;main
<LI><a href="#[b3]">&gt;&gt;</a>&nbsp;&nbsp;&nbsp;exit
</UL>

<P><STRONG><a name="[20b]"></a>__rt_entry_postli_1</STRONG> (Thumb, 0 bytes, Stack size unknown bytes, __rtentry2.o(.ARM.Collect$$rtentry$$0000000C))

<P><STRONG><a name="[dd]"></a>__rt_exit</STRONG> (Thumb, 0 bytes, Stack size unknown bytes, rtexit.o(.ARM.Collect$$rtexit$$00000000))
<BR><BR>[Called By]<UL><LI><a href="#[b3]">&gt;&gt;</a>&nbsp;&nbsp;&nbsp;exit
</UL>

<P><STRONG><a name="[b4]"></a>__rt_exit_ls</STRONG> (Thumb, 0 bytes, Stack size unknown bytes, rtexit2.o(.ARM.Collect$$rtexit$$00000003))
<BR><BR>[Calls]<UL><LI><a href="#[b5]">&gt;&gt;</a>&nbsp;&nbsp;&nbsp;__rt_lib_shutdown
</UL>

<P><STRONG><a name="[20c]"></a>__rt_exit_prels_1</STRONG> (Thumb, 0 bytes, Stack size unknown bytes, rtexit2.o(.ARM.Collect$$rtexit$$00000002))

<P><STRONG><a name="[b6]"></a>__rt_exit_exit</STRONG> (Thumb, 0 bytes, Stack size unknown bytes, rtexit2.o(.ARM.Collect$$rtexit$$00000004))
<BR><BR>[Calls]<UL><LI><a href="#[b7]">&gt;&gt;</a>&nbsp;&nbsp;&nbsp;_sys_exit
</UL>

<P><STRONG><a name="[10]"></a>Reset_Handler</STRONG> (Thumb, 8 bytes, Stack size 0 bytes, startup_gd32f450_470.o(.text))
<BR>[Address Reference Count : 1]<UL><LI> startup_gd32f450_470.o(RESET)
</UL>
<P><STRONG><a name="[2c]"></a>ADC_IRQHandler</STRONG> (Thumb, 0 bytes, Stack size 0 bytes, startup_gd32f450_470.o(.text))
<BR><BR>[Calls]<UL><LI><a href="#[2c]">&gt;&gt;</a>&nbsp;&nbsp;&nbsp;ADC_IRQHandler
</UL>
<BR>[Called By]<UL><LI><a href="#[2c]">&gt;&gt;</a>&nbsp;&nbsp;&nbsp;ADC_IRQHandler
</UL>
<BR>[Address Reference Count : 1]<UL><LI> startup_gd32f450_470.o(RESET)
</UL>
<P><STRONG><a name="[30]"></a>CAN0_EWMC_IRQHandler</STRONG> (Thumb, 0 bytes, Stack size 0 bytes, startup_gd32f450_470.o(.text))
<BR>[Address Reference Count : 1]<UL><LI> startup_gd32f450_470.o(RESET)
</UL>
<P><STRONG><a name="[2e]"></a>CAN0_RX0_IRQHandler</STRONG> (Thumb, 0 bytes, Stack size 0 bytes, startup_gd32f450_470.o(.text))
<BR>[Address Reference Count : 1]<UL><LI> startup_gd32f450_470.o(RESET)
</UL>
<P><STRONG><a name="[2f]"></a>CAN0_RX1_IRQHandler</STRONG> (Thumb, 0 bytes, Stack size 0 bytes, startup_gd32f450_470.o(.text))
<BR>[Address Reference Count : 1]<UL><LI> startup_gd32f450_470.o(RESET)
</UL>
<P><STRONG><a name="[2d]"></a>CAN0_TX_IRQHandler</STRONG> (Thumb, 0 bytes, Stack size 0 bytes, startup_gd32f450_470.o(.text))
<BR>[Address Reference Count : 1]<UL><LI> startup_gd32f450_470.o(RESET)
</UL>
<P><STRONG><a name="[5c]"></a>CAN1_EWMC_IRQHandler</STRONG> (Thumb, 0 bytes, Stack size 0 bytes, startup_gd32f450_470.o(.text))
<BR>[Address Reference Count : 1]<UL><LI> startup_gd32f450_470.o(RESET)
</UL>
<P><STRONG><a name="[5a]"></a>CAN1_RX0_IRQHandler</STRONG> (Thumb, 0 bytes, Stack size 0 bytes, startup_gd32f450_470.o(.text))
<BR>[Address Reference Count : 1]<UL><LI> startup_gd32f450_470.o(RESET)
</UL>
<P><STRONG><a name="[5b]"></a>CAN1_RX1_IRQHandler</STRONG> (Thumb, 0 bytes, Stack size 0 bytes, startup_gd32f450_470.o(.text))
<BR>[Address Reference Count : 1]<UL><LI> startup_gd32f450_470.o(RESET)
</UL>
<P><STRONG><a name="[59]"></a>CAN1_TX_IRQHandler</STRONG> (Thumb, 0 bytes, Stack size 0 bytes, startup_gd32f450_470.o(.text))
<BR>[Address Reference Count : 1]<UL><LI> startup_gd32f450_470.o(RESET)
</UL>
<P><STRONG><a name="[68]"></a>DCI_IRQHandler</STRONG> (Thumb, 0 bytes, Stack size 0 bytes, startup_gd32f450_470.o(.text))
<BR>[Address Reference Count : 1]<UL><LI> startup_gd32f450_470.o(RESET)
</UL>
<P><STRONG><a name="[25]"></a>DMA0_Channel0_IRQHandler</STRONG> (Thumb, 0 bytes, Stack size 0 bytes, startup_gd32f450_470.o(.text))
<BR>[Address Reference Count : 1]<UL><LI> startup_gd32f450_470.o(RESET)
</UL>
<P><STRONG><a name="[26]"></a>DMA0_Channel1_IRQHandler</STRONG> (Thumb, 0 bytes, Stack size 0 bytes, startup_gd32f450_470.o(.text))
<BR>[Address Reference Count : 1]<UL><LI> startup_gd32f450_470.o(RESET)
</UL>
<P><STRONG><a name="[27]"></a>DMA0_Channel2_IRQHandler</STRONG> (Thumb, 0 bytes, Stack size 0 bytes, startup_gd32f450_470.o(.text))
<BR>[Address Reference Count : 1]<UL><LI> startup_gd32f450_470.o(RESET)
</UL>
<P><STRONG><a name="[28]"></a>DMA0_Channel3_IRQHandler</STRONG> (Thumb, 0 bytes, Stack size 0 bytes, startup_gd32f450_470.o(.text))
<BR>[Address Reference Count : 1]<UL><LI> startup_gd32f450_470.o(RESET)
</UL>
<P><STRONG><a name="[29]"></a>DMA0_Channel4_IRQHandler</STRONG> (Thumb, 0 bytes, Stack size 0 bytes, startup_gd32f450_470.o(.text))
<BR>[Address Reference Count : 1]<UL><LI> startup_gd32f450_470.o(RESET)
</UL>
<P><STRONG><a name="[2a]"></a>DMA0_Channel5_IRQHandler</STRONG> (Thumb, 0 bytes, Stack size 0 bytes, startup_gd32f450_470.o(.text))
<BR>[Address Reference Count : 1]<UL><LI> startup_gd32f450_470.o(RESET)
</UL>
<P><STRONG><a name="[2b]"></a>DMA0_Channel6_IRQHandler</STRONG> (Thumb, 0 bytes, Stack size 0 bytes, startup_gd32f450_470.o(.text))
<BR>[Address Reference Count : 1]<UL><LI> startup_gd32f450_470.o(RESET)
</UL>
<P><STRONG><a name="[49]"></a>DMA0_Channel7_IRQHandler</STRONG> (Thumb, 0 bytes, Stack size 0 bytes, startup_gd32f450_470.o(.text))
<BR>[Address Reference Count : 1]<UL><LI> startup_gd32f450_470.o(RESET)
</UL>
<P><STRONG><a name="[52]"></a>DMA1_Channel0_IRQHandler</STRONG> (Thumb, 0 bytes, Stack size 0 bytes, startup_gd32f450_470.o(.text))
<BR>[Address Reference Count : 1]<UL><LI> startup_gd32f450_470.o(RESET)
</UL>
<P><STRONG><a name="[53]"></a>DMA1_Channel1_IRQHandler</STRONG> (Thumb, 0 bytes, Stack size 0 bytes, startup_gd32f450_470.o(.text))
<BR>[Address Reference Count : 1]<UL><LI> startup_gd32f450_470.o(RESET)
</UL>
<P><STRONG><a name="[54]"></a>DMA1_Channel2_IRQHandler</STRONG> (Thumb, 0 bytes, Stack size 0 bytes, startup_gd32f450_470.o(.text))
<BR>[Address Reference Count : 1]<UL><LI> startup_gd32f450_470.o(RESET)
</UL>
<P><STRONG><a name="[55]"></a>DMA1_Channel3_IRQHandler</STRONG> (Thumb, 0 bytes, Stack size 0 bytes, startup_gd32f450_470.o(.text))
<BR>[Address Reference Count : 1]<UL><LI> startup_gd32f450_470.o(RESET)
</UL>
<P><STRONG><a name="[56]"></a>DMA1_Channel4_IRQHandler</STRONG> (Thumb, 0 bytes, Stack size 0 bytes, startup_gd32f450_470.o(.text))
<BR>[Address Reference Count : 1]<UL><LI> startup_gd32f450_470.o(RESET)
</UL>
<P><STRONG><a name="[5e]"></a>DMA1_Channel5_IRQHandler</STRONG> (Thumb, 0 bytes, Stack size 0 bytes, startup_gd32f450_470.o(.text))
<BR>[Address Reference Count : 1]<UL><LI> startup_gd32f450_470.o(RESET)
</UL>
<P><STRONG><a name="[5f]"></a>DMA1_Channel6_IRQHandler</STRONG> (Thumb, 0 bytes, Stack size 0 bytes, startup_gd32f450_470.o(.text))
<BR>[Address Reference Count : 1]<UL><LI> startup_gd32f450_470.o(RESET)
</UL>
<P><STRONG><a name="[60]"></a>DMA1_Channel7_IRQHandler</STRONG> (Thumb, 0 bytes, Stack size 0 bytes, startup_gd32f450_470.o(.text))
<BR>[Address Reference Count : 1]<UL><LI> startup_gd32f450_470.o(RESET)
</UL>
<P><STRONG><a name="[57]"></a>ENET_IRQHandler</STRONG> (Thumb, 0 bytes, Stack size 0 bytes, startup_gd32f450_470.o(.text))
<BR>[Address Reference Count : 1]<UL><LI> startup_gd32f450_470.o(RESET)
</UL>
<P><STRONG><a name="[58]"></a>ENET_WKUP_IRQHandler</STRONG> (Thumb, 0 bytes, Stack size 0 bytes, startup_gd32f450_470.o(.text))
<BR>[Address Reference Count : 1]<UL><LI> startup_gd32f450_470.o(RESET)
</UL>
<P><STRONG><a name="[4a]"></a>EXMC_IRQHandler</STRONG> (Thumb, 0 bytes, Stack size 0 bytes, startup_gd32f450_470.o(.text))
<BR>[Address Reference Count : 1]<UL><LI> startup_gd32f450_470.o(RESET)
</UL>
<P><STRONG><a name="[20]"></a>EXTI0_IRQHandler</STRONG> (Thumb, 0 bytes, Stack size 0 bytes, startup_gd32f450_470.o(.text))
<BR>[Address Reference Count : 1]<UL><LI> startup_gd32f450_470.o(RESET)
</UL>
<P><STRONG><a name="[42]"></a>EXTI10_15_IRQHandler</STRONG> (Thumb, 0 bytes, Stack size 0 bytes, startup_gd32f450_470.o(.text))
<BR>[Address Reference Count : 1]<UL><LI> startup_gd32f450_470.o(RESET)
</UL>
<P><STRONG><a name="[21]"></a>EXTI1_IRQHandler</STRONG> (Thumb, 0 bytes, Stack size 0 bytes, startup_gd32f450_470.o(.text))
<BR>[Address Reference Count : 1]<UL><LI> startup_gd32f450_470.o(RESET)
</UL>
<P><STRONG><a name="[22]"></a>EXTI2_IRQHandler</STRONG> (Thumb, 0 bytes, Stack size 0 bytes, startup_gd32f450_470.o(.text))
<BR>[Address Reference Count : 1]<UL><LI> startup_gd32f450_470.o(RESET)
</UL>
<P><STRONG><a name="[23]"></a>EXTI3_IRQHandler</STRONG> (Thumb, 0 bytes, Stack size 0 bytes, startup_gd32f450_470.o(.text))
<BR>[Address Reference Count : 1]<UL><LI> startup_gd32f450_470.o(RESET)
</UL>
<P><STRONG><a name="[24]"></a>EXTI4_IRQHandler</STRONG> (Thumb, 0 bytes, Stack size 0 bytes, startup_gd32f450_470.o(.text))
<BR>[Address Reference Count : 1]<UL><LI> startup_gd32f450_470.o(RESET)
</UL>
<P><STRONG><a name="[31]"></a>EXTI5_9_IRQHandler</STRONG> (Thumb, 0 bytes, Stack size 0 bytes, startup_gd32f450_470.o(.text))
<BR>[Address Reference Count : 1]<UL><LI> startup_gd32f450_470.o(RESET)
</UL>
<P><STRONG><a name="[1e]"></a>FMC_IRQHandler</STRONG> (Thumb, 0 bytes, Stack size 0 bytes, startup_gd32f450_470.o(.text))
<BR>[Address Reference Count : 1]<UL><LI> startup_gd32f450_470.o(RESET)
</UL>
<P><STRONG><a name="[6a]"></a>FPU_IRQHandler</STRONG> (Thumb, 0 bytes, Stack size 0 bytes, startup_gd32f450_470.o(.text))
<BR>[Address Reference Count : 1]<UL><LI> startup_gd32f450_470.o(RESET)
</UL>
<P><STRONG><a name="[3a]"></a>I2C0_ER_IRQHandler</STRONG> (Thumb, 0 bytes, Stack size 0 bytes, startup_gd32f450_470.o(.text))
<BR>[Address Reference Count : 1]<UL><LI> startup_gd32f450_470.o(RESET)
</UL>
<P><STRONG><a name="[39]"></a>I2C0_EV_IRQHandler</STRONG> (Thumb, 0 bytes, Stack size 0 bytes, startup_gd32f450_470.o(.text))
<BR>[Address Reference Count : 1]<UL><LI> startup_gd32f450_470.o(RESET)
</UL>
<P><STRONG><a name="[3c]"></a>I2C1_ER_IRQHandler</STRONG> (Thumb, 0 bytes, Stack size 0 bytes, startup_gd32f450_470.o(.text))
<BR>[Address Reference Count : 1]<UL><LI> startup_gd32f450_470.o(RESET)
</UL>
<P><STRONG><a name="[3b]"></a>I2C1_EV_IRQHandler</STRONG> (Thumb, 0 bytes, Stack size 0 bytes, startup_gd32f450_470.o(.text))
<BR>[Address Reference Count : 1]<UL><LI> startup_gd32f450_470.o(RESET)
</UL>
<P><STRONG><a name="[63]"></a>I2C2_ER_IRQHandler</STRONG> (Thumb, 0 bytes, Stack size 0 bytes, startup_gd32f450_470.o(.text))
<BR>[Address Reference Count : 1]<UL><LI> startup_gd32f450_470.o(RESET)
</UL>
<P><STRONG><a name="[62]"></a>I2C2_EV_IRQHandler</STRONG> (Thumb, 0 bytes, Stack size 0 bytes, startup_gd32f450_470.o(.text))
<BR>[Address Reference Count : 1]<UL><LI> startup_gd32f450_470.o(RESET)
</UL>
<P><STRONG><a name="[72]"></a>IPA_IRQHandler</STRONG> (Thumb, 0 bytes, Stack size 0 bytes, startup_gd32f450_470.o(.text))
<BR>[Address Reference Count : 1]<UL><LI> startup_gd32f450_470.o(RESET)
</UL>
<P><STRONG><a name="[1b]"></a>LVD_IRQHandler</STRONG> (Thumb, 0 bytes, Stack size 0 bytes, startup_gd32f450_470.o(.text))
<BR>[Address Reference Count : 1]<UL><LI> startup_gd32f450_470.o(RESET)
</UL>
<P><STRONG><a name="[1f]"></a>RCU_CTC_IRQHandler</STRONG> (Thumb, 0 bytes, Stack size 0 bytes, startup_gd32f450_470.o(.text))
<BR>[Address Reference Count : 1]<UL><LI> startup_gd32f450_470.o(RESET)
</UL>
<P><STRONG><a name="[43]"></a>RTC_Alarm_IRQHandler</STRONG> (Thumb, 0 bytes, Stack size 0 bytes, startup_gd32f450_470.o(.text))
<BR>[Address Reference Count : 1]<UL><LI> startup_gd32f450_470.o(RESET)
</UL>
<P><STRONG><a name="[1d]"></a>RTC_WKUP_IRQHandler</STRONG> (Thumb, 0 bytes, Stack size 0 bytes, startup_gd32f450_470.o(.text))
<BR>[Address Reference Count : 1]<UL><LI> startup_gd32f450_470.o(RESET)
</UL>
<P><STRONG><a name="[3d]"></a>SPI0_IRQHandler</STRONG> (Thumb, 0 bytes, Stack size 0 bytes, startup_gd32f450_470.o(.text))
<BR>[Address Reference Count : 1]<UL><LI> startup_gd32f450_470.o(RESET)
</UL>
<P><STRONG><a name="[3e]"></a>SPI1_IRQHandler</STRONG> (Thumb, 0 bytes, Stack size 0 bytes, startup_gd32f450_470.o(.text))
<BR>[Address Reference Count : 1]<UL><LI> startup_gd32f450_470.o(RESET)
</UL>
<P><STRONG><a name="[4d]"></a>SPI2_IRQHandler</STRONG> (Thumb, 0 bytes, Stack size 0 bytes, startup_gd32f450_470.o(.text))
<BR>[Address Reference Count : 1]<UL><LI> startup_gd32f450_470.o(RESET)
</UL>
<P><STRONG><a name="[6d]"></a>SPI3_IRQHandler</STRONG> (Thumb, 0 bytes, Stack size 0 bytes, startup_gd32f450_470.o(.text))
<BR>[Address Reference Count : 1]<UL><LI> startup_gd32f450_470.o(RESET)
</UL>
<P><STRONG><a name="[6e]"></a>SPI4_IRQHandler</STRONG> (Thumb, 0 bytes, Stack size 0 bytes, startup_gd32f450_470.o(.text))
<BR>[Address Reference Count : 1]<UL><LI> startup_gd32f450_470.o(RESET)
</UL>
<P><STRONG><a name="[6f]"></a>SPI5_IRQHandler</STRONG> (Thumb, 0 bytes, Stack size 0 bytes, startup_gd32f450_470.o(.text))
<BR>[Address Reference Count : 1]<UL><LI> startup_gd32f450_470.o(RESET)
</UL>
<P><STRONG><a name="[1c]"></a>TAMPER_STAMP_IRQHandler</STRONG> (Thumb, 0 bytes, Stack size 0 bytes, startup_gd32f450_470.o(.text))
<BR>[Address Reference Count : 1]<UL><LI> startup_gd32f450_470.o(RESET)
</UL>
<P><STRONG><a name="[32]"></a>TIMER0_BRK_TIMER8_IRQHandler</STRONG> (Thumb, 0 bytes, Stack size 0 bytes, startup_gd32f450_470.o(.text))
<BR>[Address Reference Count : 1]<UL><LI> startup_gd32f450_470.o(RESET)
</UL>
<P><STRONG><a name="[35]"></a>TIMER0_Channel_IRQHandler</STRONG> (Thumb, 0 bytes, Stack size 0 bytes, startup_gd32f450_470.o(.text))
<BR>[Address Reference Count : 1]<UL><LI> startup_gd32f450_470.o(RESET)
</UL>
<P><STRONG><a name="[34]"></a>TIMER0_TRG_CMT_TIMER10_IRQHandler</STRONG> (Thumb, 0 bytes, Stack size 0 bytes, startup_gd32f450_470.o(.text))
<BR>[Address Reference Count : 1]<UL><LI> startup_gd32f450_470.o(RESET)
</UL>
<P><STRONG><a name="[33]"></a>TIMER0_UP_TIMER9_IRQHandler</STRONG> (Thumb, 0 bytes, Stack size 0 bytes, startup_gd32f450_470.o(.text))
<BR>[Address Reference Count : 1]<UL><LI> startup_gd32f450_470.o(RESET)
</UL>
<P><STRONG><a name="[36]"></a>TIMER1_IRQHandler</STRONG> (Thumb, 0 bytes, Stack size 0 bytes, startup_gd32f450_470.o(.text))
<BR>[Address Reference Count : 1]<UL><LI> startup_gd32f450_470.o(RESET)
</UL>
<P><STRONG><a name="[37]"></a>TIMER2_IRQHandler</STRONG> (Thumb, 0 bytes, Stack size 0 bytes, startup_gd32f450_470.o(.text))
<BR>[Address Reference Count : 1]<UL><LI> startup_gd32f450_470.o(RESET)
</UL>
<P><STRONG><a name="[38]"></a>TIMER3_IRQHandler</STRONG> (Thumb, 0 bytes, Stack size 0 bytes, startup_gd32f450_470.o(.text))
<BR>[Address Reference Count : 1]<UL><LI> startup_gd32f450_470.o(RESET)
</UL>
<P><STRONG><a name="[4c]"></a>TIMER4_IRQHandler</STRONG> (Thumb, 0 bytes, Stack size 0 bytes, startup_gd32f450_470.o(.text))
<BR>[Address Reference Count : 1]<UL><LI> startup_gd32f450_470.o(RESET)
</UL>
<P><STRONG><a name="[50]"></a>TIMER5_DAC_IRQHandler</STRONG> (Thumb, 0 bytes, Stack size 0 bytes, startup_gd32f450_470.o(.text))
<BR>[Address Reference Count : 1]<UL><LI> startup_gd32f450_470.o(RESET)
</UL>
<P><STRONG><a name="[51]"></a>TIMER6_IRQHandler</STRONG> (Thumb, 0 bytes, Stack size 0 bytes, startup_gd32f450_470.o(.text))
<BR>[Address Reference Count : 1]<UL><LI> startup_gd32f450_470.o(RESET)
</UL>
<P><STRONG><a name="[45]"></a>TIMER7_BRK_TIMER11_IRQHandler</STRONG> (Thumb, 0 bytes, Stack size 0 bytes, startup_gd32f450_470.o(.text))
<BR>[Address Reference Count : 1]<UL><LI> startup_gd32f450_470.o(RESET)
</UL>
<P><STRONG><a name="[48]"></a>TIMER7_Channel_IRQHandler</STRONG> (Thumb, 0 bytes, Stack size 0 bytes, startup_gd32f450_470.o(.text))
<BR>[Address Reference Count : 1]<UL><LI> startup_gd32f450_470.o(RESET)
</UL>
<P><STRONG><a name="[47]"></a>TIMER7_TRG_CMT_TIMER13_IRQHandler</STRONG> (Thumb, 0 bytes, Stack size 0 bytes, startup_gd32f450_470.o(.text))
<BR>[Address Reference Count : 1]<UL><LI> startup_gd32f450_470.o(RESET)
</UL>
<P><STRONG><a name="[46]"></a>TIMER7_UP_TIMER12_IRQHandler</STRONG> (Thumb, 0 bytes, Stack size 0 bytes, startup_gd32f450_470.o(.text))
<BR>[Address Reference Count : 1]<UL><LI> startup_gd32f450_470.o(RESET)
</UL>
<P><STRONG><a name="[71]"></a>TLI_ER_IRQHandler</STRONG> (Thumb, 0 bytes, Stack size 0 bytes, startup_gd32f450_470.o(.text))
<BR>[Address Reference Count : 1]<UL><LI> startup_gd32f450_470.o(RESET)
</UL>
<P><STRONG><a name="[70]"></a>TLI_IRQHandler</STRONG> (Thumb, 0 bytes, Stack size 0 bytes, startup_gd32f450_470.o(.text))
<BR>[Address Reference Count : 1]<UL><LI> startup_gd32f450_470.o(RESET)
</UL>
<P><STRONG><a name="[69]"></a>TRNG_IRQHandler</STRONG> (Thumb, 0 bytes, Stack size 0 bytes, startup_gd32f450_470.o(.text))
<BR>[Address Reference Count : 1]<UL><LI> startup_gd32f450_470.o(RESET)
</UL>
<P><STRONG><a name="[4e]"></a>UART3_IRQHandler</STRONG> (Thumb, 0 bytes, Stack size 0 bytes, startup_gd32f450_470.o(.text))
<BR>[Address Reference Count : 1]<UL><LI> startup_gd32f450_470.o(RESET)
</UL>
<P><STRONG><a name="[4f]"></a>UART4_IRQHandler</STRONG> (Thumb, 0 bytes, Stack size 0 bytes, startup_gd32f450_470.o(.text))
<BR>[Address Reference Count : 1]<UL><LI> startup_gd32f450_470.o(RESET)
</UL>
<P><STRONG><a name="[6b]"></a>UART6_IRQHandler</STRONG> (Thumb, 0 bytes, Stack size 0 bytes, startup_gd32f450_470.o(.text))
<BR>[Address Reference Count : 1]<UL><LI> startup_gd32f450_470.o(RESET)
</UL>
<P><STRONG><a name="[6c]"></a>UART7_IRQHandler</STRONG> (Thumb, 0 bytes, Stack size 0 bytes, startup_gd32f450_470.o(.text))
<BR>[Address Reference Count : 1]<UL><LI> startup_gd32f450_470.o(RESET)
</UL>
<P><STRONG><a name="[40]"></a>USART1_IRQHandler</STRONG> (Thumb, 0 bytes, Stack size 0 bytes, startup_gd32f450_470.o(.text))
<BR>[Address Reference Count : 1]<UL><LI> startup_gd32f450_470.o(RESET)
</UL>
<P><STRONG><a name="[41]"></a>USART2_IRQHandler</STRONG> (Thumb, 0 bytes, Stack size 0 bytes, startup_gd32f450_470.o(.text))
<BR>[Address Reference Count : 1]<UL><LI> startup_gd32f450_470.o(RESET)
</UL>
<P><STRONG><a name="[61]"></a>USART5_IRQHandler</STRONG> (Thumb, 0 bytes, Stack size 0 bytes, startup_gd32f450_470.o(.text))
<BR>[Address Reference Count : 1]<UL><LI> startup_gd32f450_470.o(RESET)
</UL>
<P><STRONG><a name="[5d]"></a>USBFS_IRQHandler</STRONG> (Thumb, 0 bytes, Stack size 0 bytes, startup_gd32f450_470.o(.text))
<BR>[Address Reference Count : 1]<UL><LI> startup_gd32f450_470.o(RESET)
</UL>
<P><STRONG><a name="[44]"></a>USBFS_WKUP_IRQHandler</STRONG> (Thumb, 0 bytes, Stack size 0 bytes, startup_gd32f450_470.o(.text))
<BR>[Address Reference Count : 1]<UL><LI> startup_gd32f450_470.o(RESET)
</UL>
<P><STRONG><a name="[65]"></a>USBHS_EP1_In_IRQHandler</STRONG> (Thumb, 0 bytes, Stack size 0 bytes, startup_gd32f450_470.o(.text))
<BR>[Address Reference Count : 1]<UL><LI> startup_gd32f450_470.o(RESET)
</UL>
<P><STRONG><a name="[64]"></a>USBHS_EP1_Out_IRQHandler</STRONG> (Thumb, 0 bytes, Stack size 0 bytes, startup_gd32f450_470.o(.text))
<BR>[Address Reference Count : 1]<UL><LI> startup_gd32f450_470.o(RESET)
</UL>
<P><STRONG><a name="[67]"></a>USBHS_IRQHandler</STRONG> (Thumb, 0 bytes, Stack size 0 bytes, startup_gd32f450_470.o(.text))
<BR>[Address Reference Count : 1]<UL><LI> startup_gd32f450_470.o(RESET)
</UL>
<P><STRONG><a name="[66]"></a>USBHS_WKUP_IRQHandler</STRONG> (Thumb, 0 bytes, Stack size 0 bytes, startup_gd32f450_470.o(.text))
<BR>[Address Reference Count : 1]<UL><LI> startup_gd32f450_470.o(RESET)
</UL>
<P><STRONG><a name="[1a]"></a>WWDGT_IRQHandler</STRONG> (Thumb, 0 bytes, Stack size 0 bytes, startup_gd32f450_470.o(.text))
<BR>[Address Reference Count : 1]<UL><LI> startup_gd32f450_470.o(RESET)
</UL>
<P><STRONG><a name="[dc]"></a>__user_initial_stackheap</STRONG> (Thumb, 10 bytes, Stack size 0 bytes, startup_gd32f450_470.o(.text))
<BR><BR>[Called By]<UL><LI><a href="#[ae]">&gt;&gt;</a>&nbsp;&nbsp;&nbsp;__user_setup_stackheap
</UL>

<P><STRONG><a name="[19]"></a>SysTick_Handler</STRONG> (Thumb, 18 bytes, Stack size 0 bytes, systick_wrapper_ual.o(.text))
<BR>[Address Reference Count : 1]<UL><LI> startup_gd32f450_470.o(RESET)
</UL>
<P><STRONG><a name="[20d]"></a>__ensure_systick_wrapper</STRONG> (Thumb, 4 bytes, Stack size 0 bytes, systick_wrapper_ual.o(.text), UNUSED)

<P><STRONG><a name="[18f]"></a>__aeabi_ldivmod</STRONG> (Thumb, 0 bytes, Stack size 8 bytes, llsdiv.o(.text))
<BR><BR>[Stack]<UL><LI>Max Depth = 8<LI>Call Chain = __aeabi_ldivmod
</UL>
<BR>[Called By]<UL><LI><a href="#[147]">&gt;&gt;</a>&nbsp;&nbsp;&nbsp;get_system_ms
<LI><a href="#[75]">&gt;&gt;</a>&nbsp;&nbsp;&nbsp;perfc_port_insert_to_system_timer_insert_ovf_handler
</UL>

<P><STRONG><a name="[b8]"></a>_ll_sdiv</STRONG> (Thumb, 72 bytes, Stack size 8 bytes, llsdiv.o(.text), UNUSED)
<BR><BR>[Calls]<UL><LI><a href="#[b9]">&gt;&gt;</a>&nbsp;&nbsp;&nbsp;__aeabi_uldivmod
</UL>

<P><STRONG><a name="[ba]"></a>vsnprintf</STRONG> (Thumb, 48 bytes, Stack size 24 bytes, vsnprintf.o(.text))
<BR><BR>[Stack]<UL><LI>Max Depth = 128 + Unknown Stack Size
<LI>Call Chain = vsnprintf &rArr; _printf_char_common &rArr; __printf
</UL>
<BR>[Calls]<UL><LI><a href="#[78]">&gt;&gt;</a>&nbsp;&nbsp;&nbsp;_sputc
<LI><a href="#[bb]">&gt;&gt;</a>&nbsp;&nbsp;&nbsp;_printf_char_common
</UL>
<BR>[Called By]<UL><LI><a href="#[14b]">&gt;&gt;</a>&nbsp;&nbsp;&nbsp;my_printf
<LI><a href="#[1a2]">&gt;&gt;</a>&nbsp;&nbsp;&nbsp;oled_printf
</UL>

<P><STRONG><a name="[bc]"></a>__2sprintf</STRONG> (Thumb, 38 bytes, Stack size 32 bytes, __2sprintf.o(.text))
<BR><BR>[Stack]<UL><LI>Max Depth = 136 + Unknown Stack Size
<LI>Call Chain = __2sprintf &rArr; _printf_char_common &rArr; __printf
</UL>
<BR>[Calls]<UL><LI><a href="#[78]">&gt;&gt;</a>&nbsp;&nbsp;&nbsp;_sputc
<LI><a href="#[bb]">&gt;&gt;</a>&nbsp;&nbsp;&nbsp;_printf_char_common
</UL>
<BR>[Called By]<UL><LI><a href="#[19c]">&gt;&gt;</a>&nbsp;&nbsp;&nbsp;sd_fatfs_test
</UL>

<P><STRONG><a name="[8e]"></a>_printf_int_dec</STRONG> (Thumb, 104 bytes, Stack size 24 bytes, _printf_dec.o(.text))
<BR><BR>[Stack]<UL><LI>Max Depth = 72<LI>Call Chain = _printf_int_dec &rArr; _printf_int_common &rArr; _printf_post_padding
</UL>
<BR>[Calls]<UL><LI><a href="#[bf]">&gt;&gt;</a>&nbsp;&nbsp;&nbsp;_printf_int_common
<LI><a href="#[be]">&gt;&gt;</a>&nbsp;&nbsp;&nbsp;_printf_truncate_unsigned
<LI><a href="#[bd]">&gt;&gt;</a>&nbsp;&nbsp;&nbsp;_printf_truncate_signed
</UL>
<BR>[Called By]<UL><LI><a href="#[8d]">&gt;&gt;</a>&nbsp;&nbsp;&nbsp;_printf_i
<LI><a href="#[90]">&gt;&gt;</a>&nbsp;&nbsp;&nbsp;_printf_u
<LI><a href="#[8f]">&gt;&gt;</a>&nbsp;&nbsp;&nbsp;_printf_d
</UL>

<P><STRONG><a name="[c0]"></a>_printf_longlong_hex</STRONG> (Thumb, 86 bytes, Stack size 16 bytes, _printf_hex_int_ll_ptr.o(.text))
<BR><BR>[Stack]<UL><LI>Max Depth = 64<LI>Call Chain = _printf_longlong_hex &rArr; _printf_int_common &rArr; _printf_post_padding
</UL>
<BR>[Calls]<UL><LI><a href="#[bf]">&gt;&gt;</a>&nbsp;&nbsp;&nbsp;_printf_int_common
</UL>
<BR>[Called By]<UL><LI><a href="#[86]">&gt;&gt;</a>&nbsp;&nbsp;&nbsp;_printf_hex_ptr
<LI><a href="#[9c]">&gt;&gt;</a>&nbsp;&nbsp;&nbsp;_printf_ll_hex
<LI><a href="#[94]">&gt;&gt;</a>&nbsp;&nbsp;&nbsp;_printf_int_hex
</UL>

<P><STRONG><a name="[94]"></a>_printf_int_hex</STRONG> (Thumb, 28 bytes, Stack size 16 bytes, _printf_hex_int_ll_ptr.o(.text))
<BR><BR>[Stack]<UL><LI>Max Depth = 80<LI>Call Chain = _printf_int_hex &rArr; _printf_longlong_hex &rArr; _printf_int_common &rArr; _printf_post_padding
</UL>
<BR>[Calls]<UL><LI><a href="#[be]">&gt;&gt;</a>&nbsp;&nbsp;&nbsp;_printf_truncate_unsigned
<LI><a href="#[c0]">&gt;&gt;</a>&nbsp;&nbsp;&nbsp;_printf_longlong_hex
</UL>
<BR>[Called By]<UL><LI><a href="#[93]">&gt;&gt;</a>&nbsp;&nbsp;&nbsp;_printf_x
</UL>

<P><STRONG><a name="[9c]"></a>_printf_ll_hex</STRONG> (Thumb, 12 bytes, Stack size 0 bytes, _printf_hex_int_ll_ptr.o(.text))
<BR><BR>[Stack]<UL><LI>Max Depth = 64<LI>Call Chain = _printf_ll_hex &rArr; _printf_longlong_hex &rArr; _printf_int_common &rArr; _printf_post_padding
</UL>
<BR>[Calls]<UL><LI><a href="#[c0]">&gt;&gt;</a>&nbsp;&nbsp;&nbsp;_printf_longlong_hex
</UL>
<BR>[Called By]<UL><LI><a href="#[9b]">&gt;&gt;</a>&nbsp;&nbsp;&nbsp;_printf_llx
</UL>

<P><STRONG><a name="[86]"></a>_printf_hex_ptr</STRONG> (Thumb, 18 bytes, Stack size 0 bytes, _printf_hex_int_ll_ptr.o(.text))
<BR><BR>[Stack]<UL><LI>Max Depth = 64<LI>Call Chain = _printf_hex_ptr &rArr; _printf_longlong_hex &rArr; _printf_int_common &rArr; _printf_post_padding
</UL>
<BR>[Calls]<UL><LI><a href="#[c0]">&gt;&gt;</a>&nbsp;&nbsp;&nbsp;_printf_longlong_hex
</UL>
<BR>[Called By]<UL><LI><a href="#[85]">&gt;&gt;</a>&nbsp;&nbsp;&nbsp;_printf_p
</UL>

<P><STRONG><a name="[c1]"></a>__printf</STRONG> (Thumb, 388 bytes, Stack size 40 bytes, __printf_flags_ss_wp.o(.text))
<BR><BR>[Stack]<UL><LI>Max Depth = 40 + Unknown Stack Size
<LI>Call Chain = __printf
</UL>
<BR>[Calls]<UL><LI><a href="#[c3]">&gt;&gt;</a>&nbsp;&nbsp;&nbsp;_printf_percent
<LI><a href="#[c2]">&gt;&gt;</a>&nbsp;&nbsp;&nbsp;_is_digit
</UL>
<BR>[Called By]<UL><LI><a href="#[bb]">&gt;&gt;</a>&nbsp;&nbsp;&nbsp;_printf_char_common
</UL>

<P><STRONG><a name="[10e]"></a>memcmp</STRONG> (Thumb, 88 bytes, Stack size 8 bytes, memcmp.o(.text))
<BR><BR>[Stack]<UL><LI>Max Depth = 8<LI>Call Chain = memcmp
</UL>
<BR>[Called By]<UL><LI><a href="#[19b]">&gt;&gt;</a>&nbsp;&nbsp;&nbsp;test_spi_flash
<LI><a href="#[10d]">&gt;&gt;</a>&nbsp;&nbsp;&nbsp;bit_array_cmp
</UL>

<P><STRONG><a name="[1db]"></a>strlen</STRONG> (Thumb, 62 bytes, Stack size 8 bytes, strlen.o(.text))
<BR><BR>[Stack]<UL><LI>Max Depth = 8<LI>Call Chain = strlen
</UL>
<BR>[Called By]<UL><LI><a href="#[19b]">&gt;&gt;</a>&nbsp;&nbsp;&nbsp;test_spi_flash
</UL>

<P><STRONG><a name="[108]"></a>__aeabi_memcpy</STRONG> (Thumb, 0 bytes, Stack size 0 bytes, rt_memcpy_v6.o(.text))
<BR><BR>[Called By]<UL><LI><a href="#[19b]">&gt;&gt;</a>&nbsp;&nbsp;&nbsp;test_spi_flash
<LI><a href="#[3f]">&gt;&gt;</a>&nbsp;&nbsp;&nbsp;USART0_IRQHandler
</UL>

<P><STRONG><a name="[c4]"></a>__rt_memcpy</STRONG> (Thumb, 138 bytes, Stack size 0 bytes, rt_memcpy_v6.o(.text), UNUSED)
<BR><BR>[Calls]<UL><LI><a href="#[c5]">&gt;&gt;</a>&nbsp;&nbsp;&nbsp;__aeabi_memcpy4
</UL>

<P><STRONG><a name="[20e]"></a>_memcpy_lastbytes</STRONG> (Thumb, 0 bytes, Stack size unknown bytes, rt_memcpy_v6.o(.text), UNUSED)

<P><STRONG><a name="[c5]"></a>__aeabi_memcpy4</STRONG> (Thumb, 0 bytes, Stack size 8 bytes, rt_memcpy_w.o(.text))
<BR><BR>[Stack]<UL><LI>Max Depth = 8<LI>Call Chain = __aeabi_memcpy4
</UL>
<BR>[Called By]<UL><LI><a href="#[17c]">&gt;&gt;</a>&nbsp;&nbsp;&nbsp;ebtn_process_with_curr_state
<LI><a href="#[c4]">&gt;&gt;</a>&nbsp;&nbsp;&nbsp;__rt_memcpy
</UL>

<P><STRONG><a name="[20f]"></a>__aeabi_memcpy8</STRONG> (Thumb, 0 bytes, Stack size 8 bytes, rt_memcpy_w.o(.text), UNUSED)

<P><STRONG><a name="[210]"></a>__rt_memcpy_w</STRONG> (Thumb, 100 bytes, Stack size 8 bytes, rt_memcpy_w.o(.text), UNUSED)

<P><STRONG><a name="[211]"></a>_memcpy_lastbytes_aligned</STRONG> (Thumb, 0 bytes, Stack size unknown bytes, rt_memcpy_w.o(.text), UNUSED)

<P><STRONG><a name="[109]"></a>__aeabi_memclr</STRONG> (Thumb, 0 bytes, Stack size 0 bytes, rt_memclr.o(.text))
<BR><BR>[Called By]<UL><LI><a href="#[3f]">&gt;&gt;</a>&nbsp;&nbsp;&nbsp;USART0_IRQHandler
<LI><a href="#[e]">&gt;&gt;</a>&nbsp;&nbsp;&nbsp;uart_task
</UL>

<P><STRONG><a name="[c6]"></a>__rt_memclr</STRONG> (Thumb, 68 bytes, Stack size 0 bytes, rt_memclr.o(.text), UNUSED)
<BR><BR>[Calls]<UL><LI><a href="#[c7]">&gt;&gt;</a>&nbsp;&nbsp;&nbsp;_memset_w
</UL>

<P><STRONG><a name="[212]"></a>_memset</STRONG> (Thumb, 0 bytes, Stack size unknown bytes, rt_memclr.o(.text), UNUSED)

<P><STRONG><a name="[17b]"></a>__aeabi_memclr4</STRONG> (Thumb, 0 bytes, Stack size 4 bytes, rt_memclr_w.o(.text))
<BR><BR>[Stack]<UL><LI>Max Depth = 4<LI>Call Chain = __aeabi_memclr4
</UL>
<BR>[Called By]<UL><LI><a href="#[19b]">&gt;&gt;</a>&nbsp;&nbsp;&nbsp;test_spi_flash
<LI><a href="#[17c]">&gt;&gt;</a>&nbsp;&nbsp;&nbsp;ebtn_process_with_curr_state
<LI><a href="#[10c]">&gt;&gt;</a>&nbsp;&nbsp;&nbsp;ebtn_init
</UL>

<P><STRONG><a name="[213]"></a>__aeabi_memclr8</STRONG> (Thumb, 0 bytes, Stack size 4 bytes, rt_memclr_w.o(.text), UNUSED)

<P><STRONG><a name="[214]"></a>__rt_memclr_w</STRONG> (Thumb, 78 bytes, Stack size 4 bytes, rt_memclr_w.o(.text), UNUSED)

<P><STRONG><a name="[c7]"></a>_memset_w</STRONG> (Thumb, 0 bytes, Stack size unknown bytes, rt_memclr_w.o(.text), UNUSED)
<BR><BR>[Called By]<UL><LI><a href="#[c6]">&gt;&gt;</a>&nbsp;&nbsp;&nbsp;__rt_memclr
</UL>

<P><STRONG><a name="[215]"></a>__use_two_region_memory</STRONG> (Thumb, 2 bytes, Stack size 0 bytes, heapauxi.o(.text), UNUSED)

<P><STRONG><a name="[1]"></a>__rt_heap_escrow</STRONG> (Thumb, 2 bytes, Stack size 0 bytes, heapauxi.o(.text), UNUSED)

<P><STRONG><a name="[0]"></a>__rt_heap_expand</STRONG> (Thumb, 2 bytes, Stack size 0 bytes, heapauxi.o(.text), UNUSED)

<P><STRONG><a name="[7f]"></a>__cpp_initialize__aeabi_</STRONG> (Thumb, 26 bytes, Stack size 16 bytes, init_aeabi.o(.text))
<BR><BR>[Stack]<UL><LI>Max Depth = 16<LI>Call Chain = __cpp_initialize__aeabi_
</UL>
<BR>[Called By]<UL><LI><a href="#[ac]">&gt;&gt;</a>&nbsp;&nbsp;&nbsp;__rt_lib_init_cpp_2
</UL>

<P><STRONG><a name="[b9]"></a>__aeabi_uldivmod</STRONG> (Thumb, 0 bytes, Stack size 48 bytes, lludivv7m.o(.text), UNUSED)
<BR><BR>[Called By]<UL><LI><a href="#[b8]">&gt;&gt;</a>&nbsp;&nbsp;&nbsp;_ll_sdiv
</UL>

<P><STRONG><a name="[216]"></a>_ll_udiv</STRONG> (Thumb, 238 bytes, Stack size 48 bytes, lludivv7m.o(.text), UNUSED)

<P><STRONG><a name="[c9]"></a>_printf_pre_padding</STRONG> (Thumb, 44 bytes, Stack size 16 bytes, _printf_pad.o(.text))
<BR><BR>[Stack]<UL><LI>Max Depth = 16<LI>Call Chain = _printf_pre_padding
</UL>
<BR>[Called By]<UL><LI><a href="#[cb]">&gt;&gt;</a>&nbsp;&nbsp;&nbsp;_printf_wctomb
<LI><a href="#[bf]">&gt;&gt;</a>&nbsp;&nbsp;&nbsp;_printf_int_common
<LI><a href="#[c8]">&gt;&gt;</a>&nbsp;&nbsp;&nbsp;_printf_str
<LI><a href="#[d6]">&gt;&gt;</a>&nbsp;&nbsp;&nbsp;_printf_fp_infnan
<LI><a href="#[d7]">&gt;&gt;</a>&nbsp;&nbsp;&nbsp;_printf_fp_hex_real
<LI><a href="#[d4]">&gt;&gt;</a>&nbsp;&nbsp;&nbsp;_printf_fp_dec_real
</UL>

<P><STRONG><a name="[ca]"></a>_printf_post_padding</STRONG> (Thumb, 34 bytes, Stack size 16 bytes, _printf_pad.o(.text))
<BR><BR>[Stack]<UL><LI>Max Depth = 16<LI>Call Chain = _printf_post_padding
</UL>
<BR>[Called By]<UL><LI><a href="#[cb]">&gt;&gt;</a>&nbsp;&nbsp;&nbsp;_printf_wctomb
<LI><a href="#[bf]">&gt;&gt;</a>&nbsp;&nbsp;&nbsp;_printf_int_common
<LI><a href="#[c8]">&gt;&gt;</a>&nbsp;&nbsp;&nbsp;_printf_str
<LI><a href="#[d6]">&gt;&gt;</a>&nbsp;&nbsp;&nbsp;_printf_fp_infnan
<LI><a href="#[d7]">&gt;&gt;</a>&nbsp;&nbsp;&nbsp;_printf_fp_hex_real
<LI><a href="#[d4]">&gt;&gt;</a>&nbsp;&nbsp;&nbsp;_printf_fp_dec_real
</UL>

<P><STRONG><a name="[bd]"></a>_printf_truncate_signed</STRONG> (Thumb, 18 bytes, Stack size 0 bytes, _printf_truncate.o(.text))
<BR><BR>[Called By]<UL><LI><a href="#[8e]">&gt;&gt;</a>&nbsp;&nbsp;&nbsp;_printf_int_dec
</UL>

<P><STRONG><a name="[be]"></a>_printf_truncate_unsigned</STRONG> (Thumb, 18 bytes, Stack size 0 bytes, _printf_truncate.o(.text))
<BR><BR>[Called By]<UL><LI><a href="#[92]">&gt;&gt;</a>&nbsp;&nbsp;&nbsp;_printf_int_oct
<LI><a href="#[94]">&gt;&gt;</a>&nbsp;&nbsp;&nbsp;_printf_int_hex
<LI><a href="#[8e]">&gt;&gt;</a>&nbsp;&nbsp;&nbsp;_printf_int_dec
</UL>

<P><STRONG><a name="[c8]"></a>_printf_str</STRONG> (Thumb, 82 bytes, Stack size 16 bytes, _printf_str.o(.text))
<BR><BR>[Stack]<UL><LI>Max Depth = 32<LI>Call Chain = _printf_str &rArr; _printf_post_padding
</UL>
<BR>[Calls]<UL><LI><a href="#[ca]">&gt;&gt;</a>&nbsp;&nbsp;&nbsp;_printf_post_padding
<LI><a href="#[c9]">&gt;&gt;</a>&nbsp;&nbsp;&nbsp;_printf_pre_padding
</UL>
<BR>[Called By]<UL><LI><a href="#[d8]">&gt;&gt;</a>&nbsp;&nbsp;&nbsp;_printf_cs_common
</UL>

<P><STRONG><a name="[bf]"></a>_printf_int_common</STRONG> (Thumb, 178 bytes, Stack size 32 bytes, _printf_intcommon.o(.text))
<BR><BR>[Stack]<UL><LI>Max Depth = 48<LI>Call Chain = _printf_int_common &rArr; _printf_post_padding
</UL>
<BR>[Calls]<UL><LI><a href="#[ca]">&gt;&gt;</a>&nbsp;&nbsp;&nbsp;_printf_post_padding
<LI><a href="#[c9]">&gt;&gt;</a>&nbsp;&nbsp;&nbsp;_printf_pre_padding
</UL>
<BR>[Called By]<UL><LI><a href="#[ce]">&gt;&gt;</a>&nbsp;&nbsp;&nbsp;_printf_longlong_oct
<LI><a href="#[96]">&gt;&gt;</a>&nbsp;&nbsp;&nbsp;_printf_longlong_dec
<LI><a href="#[c0]">&gt;&gt;</a>&nbsp;&nbsp;&nbsp;_printf_longlong_hex
<LI><a href="#[8e]">&gt;&gt;</a>&nbsp;&nbsp;&nbsp;_printf_int_dec
</UL>

<P><STRONG><a name="[84]"></a>_printf_charcount</STRONG> (Thumb, 40 bytes, Stack size 0 bytes, _printf_charcount.o(.text))
<BR><BR>[Called By]<UL><LI><a href="#[83]">&gt;&gt;</a>&nbsp;&nbsp;&nbsp;_printf_n
</UL>

<P><STRONG><a name="[bb]"></a>_printf_char_common</STRONG> (Thumb, 32 bytes, Stack size 64 bytes, _printf_char_common.o(.text))
<BR><BR>[Stack]<UL><LI>Max Depth = 104 + Unknown Stack Size
<LI>Call Chain = _printf_char_common &rArr; __printf
</UL>
<BR>[Calls]<UL><LI><a href="#[c1]">&gt;&gt;</a>&nbsp;&nbsp;&nbsp;__printf
</UL>
<BR>[Called By]<UL><LI><a href="#[bc]">&gt;&gt;</a>&nbsp;&nbsp;&nbsp;__2sprintf
<LI><a href="#[ba]">&gt;&gt;</a>&nbsp;&nbsp;&nbsp;vsnprintf
</UL>

<P><STRONG><a name="[78]"></a>_sputc</STRONG> (Thumb, 10 bytes, Stack size 0 bytes, _sputc.o(.text))
<BR><BR>[Called By]<UL><LI><a href="#[bc]">&gt;&gt;</a>&nbsp;&nbsp;&nbsp;__2sprintf
<LI><a href="#[ba]">&gt;&gt;</a>&nbsp;&nbsp;&nbsp;vsnprintf
</UL>
<BR>[Address Reference Count : 1]<UL><LI> __2sprintf.o(.text)
</UL>
<P><STRONG><a name="[77]"></a>_snputc</STRONG> (Thumb, 16 bytes, Stack size 0 bytes, _snputc.o(.text))
<BR>[Address Reference Count : 1]<UL><LI> vsnprintf.o(.text)
</UL>
<P><STRONG><a name="[cb]"></a>_printf_wctomb</STRONG> (Thumb, 182 bytes, Stack size 56 bytes, _printf_wctomb.o(.text))
<BR><BR>[Stack]<UL><LI>Max Depth = 80<LI>Call Chain = _printf_wctomb &rArr; _wcrtomb &rArr; __rt_ctype_table
</UL>
<BR>[Calls]<UL><LI><a href="#[ca]">&gt;&gt;</a>&nbsp;&nbsp;&nbsp;_printf_post_padding
<LI><a href="#[c9]">&gt;&gt;</a>&nbsp;&nbsp;&nbsp;_printf_pre_padding
<LI><a href="#[cc]">&gt;&gt;</a>&nbsp;&nbsp;&nbsp;_wcrtomb
</UL>
<BR>[Called By]<UL><LI><a href="#[d9]">&gt;&gt;</a>&nbsp;&nbsp;&nbsp;_printf_lcs_common
</UL>

<P><STRONG><a name="[96]"></a>_printf_longlong_dec</STRONG> (Thumb, 108 bytes, Stack size 24 bytes, _printf_longlong_dec.o(.text))
<BR><BR>[Stack]<UL><LI>Max Depth = 72<LI>Call Chain = _printf_longlong_dec &rArr; _printf_int_common &rArr; _printf_post_padding
</UL>
<BR>[Calls]<UL><LI><a href="#[bf]">&gt;&gt;</a>&nbsp;&nbsp;&nbsp;_printf_int_common
<LI><a href="#[cd]">&gt;&gt;</a>&nbsp;&nbsp;&nbsp;_ll_udiv10
</UL>
<BR>[Called By]<UL><LI><a href="#[98]">&gt;&gt;</a>&nbsp;&nbsp;&nbsp;_printf_llu
<LI><a href="#[97]">&gt;&gt;</a>&nbsp;&nbsp;&nbsp;_printf_lld
<LI><a href="#[95]">&gt;&gt;</a>&nbsp;&nbsp;&nbsp;_printf_lli
</UL>

<P><STRONG><a name="[ce]"></a>_printf_longlong_oct</STRONG> (Thumb, 66 bytes, Stack size 8 bytes, _printf_oct_int_ll.o(.text))
<BR><BR>[Stack]<UL><LI>Max Depth = 56<LI>Call Chain = _printf_longlong_oct &rArr; _printf_int_common &rArr; _printf_post_padding
</UL>
<BR>[Calls]<UL><LI><a href="#[bf]">&gt;&gt;</a>&nbsp;&nbsp;&nbsp;_printf_int_common
</UL>
<BR>[Called By]<UL><LI><a href="#[9a]">&gt;&gt;</a>&nbsp;&nbsp;&nbsp;_printf_ll_oct
<LI><a href="#[92]">&gt;&gt;</a>&nbsp;&nbsp;&nbsp;_printf_int_oct
</UL>

<P><STRONG><a name="[92]"></a>_printf_int_oct</STRONG> (Thumb, 24 bytes, Stack size 8 bytes, _printf_oct_int_ll.o(.text))
<BR><BR>[Stack]<UL><LI>Max Depth = 64<LI>Call Chain = _printf_int_oct &rArr; _printf_longlong_oct &rArr; _printf_int_common &rArr; _printf_post_padding
</UL>
<BR>[Calls]<UL><LI><a href="#[ce]">&gt;&gt;</a>&nbsp;&nbsp;&nbsp;_printf_longlong_oct
<LI><a href="#[be]">&gt;&gt;</a>&nbsp;&nbsp;&nbsp;_printf_truncate_unsigned
</UL>
<BR>[Called By]<UL><LI><a href="#[91]">&gt;&gt;</a>&nbsp;&nbsp;&nbsp;_printf_o
</UL>

<P><STRONG><a name="[9a]"></a>_printf_ll_oct</STRONG> (Thumb, 12 bytes, Stack size 0 bytes, _printf_oct_int_ll.o(.text))
<BR><BR>[Stack]<UL><LI>Max Depth = 56<LI>Call Chain = _printf_ll_oct &rArr; _printf_longlong_oct &rArr; _printf_int_common &rArr; _printf_post_padding
</UL>
<BR>[Calls]<UL><LI><a href="#[ce]">&gt;&gt;</a>&nbsp;&nbsp;&nbsp;_printf_longlong_oct
</UL>
<BR>[Called By]<UL><LI><a href="#[99]">&gt;&gt;</a>&nbsp;&nbsp;&nbsp;_printf_llo
</UL>

<P><STRONG><a name="[b7]"></a>_sys_exit</STRONG> (Thumb, 8 bytes, Stack size 0 bytes, sys_exit.o(.text))
<BR><BR>[Called By]<UL><LI><a href="#[b6]">&gt;&gt;</a>&nbsp;&nbsp;&nbsp;__rt_exit_exit
</UL>

<P><STRONG><a name="[217]"></a>__user_libspace</STRONG> (Thumb, 8 bytes, Stack size 0 bytes, libspace.o(.text), UNUSED)

<P><STRONG><a name="[db]"></a>__user_perproc_libspace</STRONG> (Thumb, 0 bytes, Stack size 0 bytes, libspace.o(.text))
<BR><BR>[Called By]<UL><LI><a href="#[ae]">&gt;&gt;</a>&nbsp;&nbsp;&nbsp;__user_setup_stackheap
</UL>

<P><STRONG><a name="[218]"></a>__user_perthread_libspace</STRONG> (Thumb, 0 bytes, Stack size 0 bytes, libspace.o(.text), UNUSED)

<P><STRONG><a name="[cd]"></a>_ll_udiv10</STRONG> (Thumb, 138 bytes, Stack size 12 bytes, lludiv10.o(.text))
<BR><BR>[Stack]<UL><LI>Max Depth = 12<LI>Call Chain = _ll_udiv10
</UL>
<BR>[Called By]<UL><LI><a href="#[96]">&gt;&gt;</a>&nbsp;&nbsp;&nbsp;_printf_longlong_dec
<LI><a href="#[cf]">&gt;&gt;</a>&nbsp;&nbsp;&nbsp;_fp_digits
</UL>

<P><STRONG><a name="[219]"></a>__lib_sel_fp_printf</STRONG> (Thumb, 2 bytes, Stack size 0 bytes, _printf_fp_dec.o(.text), UNUSED)

<P><STRONG><a name="[d4]"></a>_printf_fp_dec_real</STRONG> (Thumb, 620 bytes, Stack size 104 bytes, _printf_fp_dec.o(.text))
<BR><BR>[Stack]<UL><LI>Max Depth = 324<LI>Call Chain = _printf_fp_dec_real &rArr; _fp_digits &rArr; _btod_etento &rArr; _btod_emul &rArr; _e2e
</UL>
<BR>[Calls]<UL><LI><a href="#[ca]">&gt;&gt;</a>&nbsp;&nbsp;&nbsp;_printf_post_padding
<LI><a href="#[c9]">&gt;&gt;</a>&nbsp;&nbsp;&nbsp;_printf_pre_padding
<LI><a href="#[d5]">&gt;&gt;</a>&nbsp;&nbsp;&nbsp;__ARM_fpclassify
<LI><a href="#[d6]">&gt;&gt;</a>&nbsp;&nbsp;&nbsp;_printf_fp_infnan
<LI><a href="#[a8]">&gt;&gt;</a>&nbsp;&nbsp;&nbsp;__rt_locale
<LI><a href="#[cf]">&gt;&gt;</a>&nbsp;&nbsp;&nbsp;_fp_digits
</UL>
<BR>[Called By]<UL><LI><a href="#[88]">&gt;&gt;</a>&nbsp;&nbsp;&nbsp;_printf_fp_dec
</UL>

<P><STRONG><a name="[d7]"></a>_printf_fp_hex_real</STRONG> (Thumb, 756 bytes, Stack size 72 bytes, _printf_fp_hex.o(.text))
<BR><BR>[Stack]<UL><LI>Max Depth = 112<LI>Call Chain = _printf_fp_hex_real &rArr; _printf_fp_infnan &rArr; _printf_post_padding
</UL>
<BR>[Calls]<UL><LI><a href="#[ca]">&gt;&gt;</a>&nbsp;&nbsp;&nbsp;_printf_post_padding
<LI><a href="#[c9]">&gt;&gt;</a>&nbsp;&nbsp;&nbsp;_printf_pre_padding
<LI><a href="#[d5]">&gt;&gt;</a>&nbsp;&nbsp;&nbsp;__ARM_fpclassify
<LI><a href="#[d6]">&gt;&gt;</a>&nbsp;&nbsp;&nbsp;_printf_fp_infnan
</UL>
<BR>[Called By]<UL><LI><a href="#[8c]">&gt;&gt;</a>&nbsp;&nbsp;&nbsp;_printf_fp_hex
</UL>

<P><STRONG><a name="[d8]"></a>_printf_cs_common</STRONG> (Thumb, 20 bytes, Stack size 8 bytes, _printf_char.o(.text))
<BR><BR>[Stack]<UL><LI>Max Depth = 40<LI>Call Chain = _printf_cs_common &rArr; _printf_str &rArr; _printf_post_padding
</UL>
<BR>[Calls]<UL><LI><a href="#[c8]">&gt;&gt;</a>&nbsp;&nbsp;&nbsp;_printf_str
</UL>
<BR>[Called By]<UL><LI><a href="#[a0]">&gt;&gt;</a>&nbsp;&nbsp;&nbsp;_printf_string
<LI><a href="#[9e]">&gt;&gt;</a>&nbsp;&nbsp;&nbsp;_printf_char
</UL>

<P><STRONG><a name="[9e]"></a>_printf_char</STRONG> (Thumb, 16 bytes, Stack size 0 bytes, _printf_char.o(.text))
<BR><BR>[Stack]<UL><LI>Max Depth = 40<LI>Call Chain = _printf_char &rArr; _printf_cs_common &rArr; _printf_str &rArr; _printf_post_padding
</UL>
<BR>[Calls]<UL><LI><a href="#[d8]">&gt;&gt;</a>&nbsp;&nbsp;&nbsp;_printf_cs_common
</UL>
<BR>[Called By]<UL><LI><a href="#[9d]">&gt;&gt;</a>&nbsp;&nbsp;&nbsp;_printf_c
</UL>

<P><STRONG><a name="[a0]"></a>_printf_string</STRONG> (Thumb, 8 bytes, Stack size 0 bytes, _printf_char.o(.text))
<BR><BR>[Stack]<UL><LI>Max Depth = 40<LI>Call Chain = _printf_string &rArr; _printf_cs_common &rArr; _printf_str &rArr; _printf_post_padding
</UL>
<BR>[Calls]<UL><LI><a href="#[d8]">&gt;&gt;</a>&nbsp;&nbsp;&nbsp;_printf_cs_common
</UL>
<BR>[Called By]<UL><LI><a href="#[9f]">&gt;&gt;</a>&nbsp;&nbsp;&nbsp;_printf_s
</UL>

<P><STRONG><a name="[d9]"></a>_printf_lcs_common</STRONG> (Thumb, 20 bytes, Stack size 8 bytes, _printf_wchar.o(.text))
<BR><BR>[Stack]<UL><LI>Max Depth = 88<LI>Call Chain = _printf_lcs_common &rArr; _printf_wctomb &rArr; _wcrtomb &rArr; __rt_ctype_table
</UL>
<BR>[Calls]<UL><LI><a href="#[cb]">&gt;&gt;</a>&nbsp;&nbsp;&nbsp;_printf_wctomb
</UL>
<BR>[Called By]<UL><LI><a href="#[a4]">&gt;&gt;</a>&nbsp;&nbsp;&nbsp;_printf_wstring
<LI><a href="#[a2]">&gt;&gt;</a>&nbsp;&nbsp;&nbsp;_printf_wchar
</UL>

<P><STRONG><a name="[a2]"></a>_printf_wchar</STRONG> (Thumb, 16 bytes, Stack size 0 bytes, _printf_wchar.o(.text))
<BR><BR>[Stack]<UL><LI>Max Depth = 88<LI>Call Chain = _printf_wchar &rArr; _printf_lcs_common &rArr; _printf_wctomb &rArr; _wcrtomb &rArr; __rt_ctype_table
</UL>
<BR>[Calls]<UL><LI><a href="#[d9]">&gt;&gt;</a>&nbsp;&nbsp;&nbsp;_printf_lcs_common
</UL>
<BR>[Called By]<UL><LI><a href="#[a1]">&gt;&gt;</a>&nbsp;&nbsp;&nbsp;_printf_lc
</UL>

<P><STRONG><a name="[a4]"></a>_printf_wstring</STRONG> (Thumb, 8 bytes, Stack size 0 bytes, _printf_wchar.o(.text))
<BR><BR>[Stack]<UL><LI>Max Depth = 88<LI>Call Chain = _printf_wstring &rArr; _printf_lcs_common &rArr; _printf_wctomb &rArr; _wcrtomb &rArr; __rt_ctype_table
</UL>
<BR>[Calls]<UL><LI><a href="#[d9]">&gt;&gt;</a>&nbsp;&nbsp;&nbsp;_printf_lcs_common
</UL>
<BR>[Called By]<UL><LI><a href="#[a3]">&gt;&gt;</a>&nbsp;&nbsp;&nbsp;_printf_ls
</UL>

<P><STRONG><a name="[cc]"></a>_wcrtomb</STRONG> (Thumb, 64 bytes, Stack size 16 bytes, _wcrtomb.o(.text))
<BR><BR>[Stack]<UL><LI>Max Depth = 24<LI>Call Chain = _wcrtomb &rArr; __rt_ctype_table
</UL>
<BR>[Calls]<UL><LI><a href="#[da]">&gt;&gt;</a>&nbsp;&nbsp;&nbsp;__rt_ctype_table
</UL>
<BR>[Called By]<UL><LI><a href="#[cb]">&gt;&gt;</a>&nbsp;&nbsp;&nbsp;_printf_wctomb
</UL>

<P><STRONG><a name="[21a]"></a>__I$use$semihosting</STRONG> (Thumb, 0 bytes, Stack size 0 bytes, use_no_semi.o(.text), UNUSED)

<P><STRONG><a name="[21b]"></a>__use_no_semihosting_swi</STRONG> (Thumb, 2 bytes, Stack size 0 bytes, use_no_semi.o(.text), UNUSED)

<P><STRONG><a name="[21c]"></a>__semihosting_library_function</STRONG> (Thumb, 0 bytes, Stack size 8 bytes, indicate_semi.o(.text), UNUSED)

<P><STRONG><a name="[ae]"></a>__user_setup_stackheap</STRONG> (Thumb, 74 bytes, Stack size 8 bytes, sys_stackheap_outer.o(.text))
<BR><BR>[Stack]<UL><LI>Max Depth = 8<LI>Call Chain = __user_setup_stackheap
</UL>
<BR>[Calls]<UL><LI><a href="#[dc]">&gt;&gt;</a>&nbsp;&nbsp;&nbsp;__user_initial_stackheap
<LI><a href="#[db]">&gt;&gt;</a>&nbsp;&nbsp;&nbsp;__user_perproc_libspace
</UL>
<BR>[Called By]<UL><LI><a href="#[ad]">&gt;&gt;</a>&nbsp;&nbsp;&nbsp;__rt_entry_sh
</UL>

<P><STRONG><a name="[da]"></a>__rt_ctype_table</STRONG> (Thumb, 16 bytes, Stack size 8 bytes, rt_ctype_table.o(.text))
<BR><BR>[Stack]<UL><LI>Max Depth = 8<LI>Call Chain = __rt_ctype_table
</UL>
<BR>[Calls]<UL><LI><a href="#[a8]">&gt;&gt;</a>&nbsp;&nbsp;&nbsp;__rt_locale
</UL>
<BR>[Called By]<UL><LI><a href="#[cc]">&gt;&gt;</a>&nbsp;&nbsp;&nbsp;_wcrtomb
</UL>

<P><STRONG><a name="[a8]"></a>__rt_locale</STRONG> (Thumb, 8 bytes, Stack size 0 bytes, rt_locale_intlibspace.o(.text))
<BR><BR>[Called By]<UL><LI><a href="#[da]">&gt;&gt;</a>&nbsp;&nbsp;&nbsp;__rt_ctype_table
<LI><a href="#[d4]">&gt;&gt;</a>&nbsp;&nbsp;&nbsp;_printf_fp_dec_real
<LI><a href="#[a7]">&gt;&gt;</a>&nbsp;&nbsp;&nbsp;__rt_lib_init_lc_common
</UL>

<P><STRONG><a name="[d6]"></a>_printf_fp_infnan</STRONG> (Thumb, 112 bytes, Stack size 24 bytes, _printf_fp_infnan.o(.text))
<BR><BR>[Stack]<UL><LI>Max Depth = 40<LI>Call Chain = _printf_fp_infnan &rArr; _printf_post_padding
</UL>
<BR>[Calls]<UL><LI><a href="#[ca]">&gt;&gt;</a>&nbsp;&nbsp;&nbsp;_printf_post_padding
<LI><a href="#[c9]">&gt;&gt;</a>&nbsp;&nbsp;&nbsp;_printf_pre_padding
</UL>
<BR>[Called By]<UL><LI><a href="#[d7]">&gt;&gt;</a>&nbsp;&nbsp;&nbsp;_printf_fp_hex_real
<LI><a href="#[d4]">&gt;&gt;</a>&nbsp;&nbsp;&nbsp;_printf_fp_dec_real
</UL>

<P><STRONG><a name="[d0]"></a>_btod_etento</STRONG> (Thumb, 224 bytes, Stack size 72 bytes, bigflt0.o(.text))
<BR><BR>[Stack]<UL><LI>Max Depth = 124<LI>Call Chain = _btod_etento &rArr; _btod_emul &rArr; _e2e
</UL>
<BR>[Calls]<UL><LI><a href="#[d3]">&gt;&gt;</a>&nbsp;&nbsp;&nbsp;_btod_emul
<LI><a href="#[d2]">&gt;&gt;</a>&nbsp;&nbsp;&nbsp;_btod_ediv
</UL>
<BR>[Called By]<UL><LI><a href="#[cf]">&gt;&gt;</a>&nbsp;&nbsp;&nbsp;_fp_digits
</UL>

<P><STRONG><a name="[b3]"></a>exit</STRONG> (Thumb, 18 bytes, Stack size 8 bytes, exit.o(.text))
<BR><BR>[Stack]<UL><LI>Max Depth = 8 + Unknown Stack Size
<LI>Call Chain = exit
</UL>
<BR>[Calls]<UL><LI><a href="#[dd]">&gt;&gt;</a>&nbsp;&nbsp;&nbsp;__rt_exit
</UL>
<BR>[Called By]<UL><LI><a href="#[b1]">&gt;&gt;</a>&nbsp;&nbsp;&nbsp;__rt_entry_main
</UL>

<P><STRONG><a name="[1e2]"></a>strcmp</STRONG> (Thumb, 128 bytes, Stack size 0 bytes, strcmpv7m.o(.text))
<BR><BR>[Called By]<UL><LI><a href="#[7a]">&gt;&gt;</a>&nbsp;&nbsp;&nbsp;_get_lc_ctype
<LI><a href="#[ab]">&gt;&gt;</a>&nbsp;&nbsp;&nbsp;_get_lc_numeric
</UL>

<P><STRONG><a name="[d1]"></a>_btod_d2e</STRONG> (Thumb, 62 bytes, Stack size 0 bytes, btod.o(CL$$btod_d2e))
<BR><BR>[Calls]<UL><LI><a href="#[de]">&gt;&gt;</a>&nbsp;&nbsp;&nbsp;_d2e_norm_op1
</UL>
<BR>[Called By]<UL><LI><a href="#[cf]">&gt;&gt;</a>&nbsp;&nbsp;&nbsp;_fp_digits
</UL>

<P><STRONG><a name="[df]"></a>_d2e_denorm_low</STRONG> (Thumb, 70 bytes, Stack size 0 bytes, btod.o(CL$$btod_d2e_denorm_low))
<BR><BR>[Called By]<UL><LI><a href="#[de]">&gt;&gt;</a>&nbsp;&nbsp;&nbsp;_d2e_norm_op1
</UL>

<P><STRONG><a name="[de]"></a>_d2e_norm_op1</STRONG> (Thumb, 96 bytes, Stack size 0 bytes, btod.o(CL$$btod_d2e_norm_op1))
<BR><BR>[Calls]<UL><LI><a href="#[df]">&gt;&gt;</a>&nbsp;&nbsp;&nbsp;_d2e_denorm_low
</UL>
<BR>[Called By]<UL><LI><a href="#[d1]">&gt;&gt;</a>&nbsp;&nbsp;&nbsp;_btod_d2e
</UL>

<P><STRONG><a name="[e0]"></a>__btod_div_common</STRONG> (Thumb, 696 bytes, Stack size 24 bytes, btod.o(CL$$btod_div_common))
<BR><BR>[Stack]<UL><LI>Max Depth = 24<LI>Call Chain = __btod_div_common
</UL>
<BR>[Called By]<UL><LI><a href="#[d2]">&gt;&gt;</a>&nbsp;&nbsp;&nbsp;_btod_ediv
</UL>

<P><STRONG><a name="[e1]"></a>_e2e</STRONG> (Thumb, 220 bytes, Stack size 24 bytes, btod.o(CL$$btod_e2e))
<BR><BR>[Stack]<UL><LI>Max Depth = 24<LI>Call Chain = _e2e
</UL>
<BR>[Called By]<UL><LI><a href="#[d3]">&gt;&gt;</a>&nbsp;&nbsp;&nbsp;_btod_emul
<LI><a href="#[d2]">&gt;&gt;</a>&nbsp;&nbsp;&nbsp;_btod_ediv
</UL>

[...]
</UL>

<P><STRONG><a name="[1a6]"></a>r1_error_check</STRONG> (Thumb, 120 bytes, Stack size 24 bytes, sdio_sdcard.o(i.r1_error_check))
<BR><BR>[Stack]<UL><LI>Max Depth = 24<LI>Call Chain = r1_error_check
</UL>
<BR>[Calls]<UL><LI><a href="#[1a8]">&gt;&gt;</a>&nbsp;&nbsp;&nbsp;sdio_response_get
<LI><a href="#[159]">&gt;&gt;</a>&nbsp;&nbsp;&nbsp;sdio_flag_clear
<LI><a href="#[1a7]">&gt;&gt;</a>&nbsp;&nbsp;&nbsp;sdio_command_index_get
<LI><a href="#[1a9]">&gt;&gt;</a>&nbsp;&nbsp;&nbsp;r1_error_type_check
</UL>
<BR>[Called By]<UL><LI><a href="#[1cd]">&gt;&gt;</a>&nbsp;&nbsp;&nbsp;sd_transfer_stop
<LI><a href="#[1cb]">&gt;&gt;</a>&nbsp;&nbsp;&nbsp;sd_power_on
<LI><a href="#[174]">&gt;&gt;</a>&nbsp;&nbsp;&nbsp;sd_multiblocks_write
<LI><a href="#[171]">&gt;&gt;</a>&nbsp;&nbsp;&nbsp;sd_multiblocks_read
<LI><a href="#[16d]">&gt;&gt;</a>&nbsp;&nbsp;&nbsp;sd_cardstatus_get
<LI><a href="#[16c]">&gt;&gt;</a>&nbsp;&nbsp;&nbsp;sd_card_select_deselect
<LI><a href="#[173]">&gt;&gt;</a>&nbsp;&nbsp;&nbsp;sd_block_write
<LI><a href="#[170]">&gt;&gt;</a>&nbsp;&nbsp;&nbsp;sd_block_read
<LI><a href="#[1c5]">&gt;&gt;</a>&nbsp;&nbsp;&nbsp;sd_scr_get
<LI><a href="#[1c1]">&gt;&gt;</a>&nbsp;&nbsp;&nbsp;sd_bus_width_config
</UL>

<P><STRONG><a name="[1a9]"></a>r1_error_type_check</STRONG> (Thumb, 174 bytes, Stack size 0 bytes, sdio_sdcard.o(i.r1_error_type_check))
<BR><BR>[Called By]<UL><LI><a href="#[1c0]">&gt;&gt;</a>&nbsp;&nbsp;&nbsp;sd_card_state_get
<LI><a href="#[1a6]">&gt;&gt;</a>&nbsp;&nbsp;&nbsp;r1_error_check
</UL>

<P><STRONG><a name="[1aa]"></a>r2_error_check</STRONG> (Thumb, 70 bytes, Stack size 16 bytes, sdio_sdcard.o(i.r2_error_check))
<BR><BR>[Stack]<UL><LI>Max Depth = 16<LI>Call Chain = r2_error_check
</UL>
<BR>[Calls]<UL><LI><a href="#[159]">&gt;&gt;</a>&nbsp;&nbsp;&nbsp;sdio_flag_clear
</UL>
<BR>[Called By]<UL><LI><a href="#[1c6]">&gt;&gt;</a>&nbsp;&nbsp;&nbsp;sd_card_init
</UL>

<P><STRONG><a name="[1ab]"></a>r3_error_check</STRONG> (Thumb, 52 bytes, Stack size 16 bytes, sdio_sdcard.o(i.r3_error_check))
<BR><BR>[Stack]<UL><LI>Max Depth = 16<LI>Call Chain = r3_error_check
</UL>
<BR>[Calls]<UL><LI><a href="#[159]">&gt;&gt;</a>&nbsp;&nbsp;&nbsp;sdio_flag_clear
</UL>
<BR>[Called By]<UL><LI><a href="#[1cb]">&gt;&gt;</a>&nbsp;&nbsp;&nbsp;sd_power_on
</UL>

<P><STRONG><a name="[1ac]"></a>r6_error_check</STRONG> (Thumb, 158 bytes, Stack size 24 bytes, sdio_sdcard.o(i.r6_error_check))
<BR><BR>[Stack]<UL><LI>Max Depth = 24<LI>Call Chain = r6_error_check
</UL>
<BR>[Calls]<UL><LI><a href="#[1a8]">&gt;&gt;</a>&nbsp;&nbsp;&nbsp;sdio_response_get
<LI><a href="#[159]">&gt;&gt;</a>&nbsp;&nbsp;&nbsp;sdio_flag_clear
<LI><a href="#[1a7]">&gt;&gt;</a>&nbsp;&nbsp;&nbsp;sdio_command_index_get
</UL>
<BR>[Called By]<UL><LI><a href="#[1c6]">&gt;&gt;</a>&nbsp;&nbsp;&nbsp;sd_card_init
</UL>

<P><STRONG><a name="[1ad]"></a>r7_error_check</STRONG> (Thumb, 74 bytes, Stack size 16 bytes, sdio_sdcard.o(i.r7_error_check))
<BR><BR>[Stack]<UL><LI>Max Depth = 16<LI>Call Chain = r7_error_check
</UL>
<BR>[Calls]<UL><LI><a href="#[159]">&gt;&gt;</a>&nbsp;&nbsp;&nbsp;sdio_flag_clear
</UL>
<BR>[Called By]<UL><LI><a href="#[1cb]">&gt;&gt;</a>&nbsp;&nbsp;&nbsp;sd_power_on
</UL>

<P><STRONG><a name="[1ae]"></a>rcu_config</STRONG> (Thumb, 36 bytes, Stack size 8 bytes, sdio_sdcard.o(i.rcu_config))
<BR><BR>[Stack]<UL><LI>Max Depth = 8<LI>Call Chain = rcu_config
</UL>
<BR>[Calls]<UL><LI><a href="#[110]">&gt;&gt;</a>&nbsp;&nbsp;&nbsp;rcu_periph_clock_enable
</UL>
<BR>[Called By]<UL><LI><a href="#[16b]">&gt;&gt;</a>&nbsp;&nbsp;&nbsp;sd_init
</UL>

<P><STRONG><a name="[1c1]"></a>sd_bus_width_config</STRONG> (Thumb, 242 bytes, Stack size 16 bytes, sdio_sdcard.o(i.sd_bus_width_config))
<BR><BR>[Stack]<UL><LI>Max Depth = 72<LI>Call Chain = sd_bus_width_config &rArr; sd_scr_get &rArr; r1_error_check
</UL>
<BR>[Calls]<UL><LI><a href="#[1b9]">&gt;&gt;</a>&nbsp;&nbsp;&nbsp;sdio_wait_type_set
<LI><a href="#[1a8]">&gt;&gt;</a>&nbsp;&nbsp;&nbsp;sdio_response_get
<LI><a href="#[1ba]">&gt;&gt;</a>&nbsp;&nbsp;&nbsp;sdio_csm_enable
<LI><a href="#[1b8]">&gt;&gt;</a>&nbsp;&nbsp;&nbsp;sdio_command_response_config
<LI><a href="#[1c5]">&gt;&gt;</a>&nbsp;&nbsp;&nbsp;sd_scr_get
<LI><a href="#[1a6]">&gt;&gt;</a>&nbsp;&nbsp;&nbsp;r1_error_check
</UL>
<BR>[Called By]<UL><LI><a href="#[16e]">&gt;&gt;</a>&nbsp;&nbsp;&nbsp;sd_bus_mode_config
</UL>

<P><STRONG><a name="[1c0]"></a>sd_card_state_get</STRONG> (Thumb, 166 bytes, Stack size 24 bytes, sdio_sdcard.o(i.sd_card_state_get))
<BR><BR>[Stack]<UL><LI>Max Depth = 36<LI>Call Chain = sd_card_state_get &rArr; sdio_command_response_config
</UL>
<BR>[Calls]<UL><LI><a href="#[1b9]">&gt;&gt;</a>&nbsp;&nbsp;&nbsp;sdio_wait_type_set
<LI><a href="#[1a8]">&gt;&gt;</a>&nbsp;&nbsp;&nbsp;sdio_response_get
<LI><a href="#[159]">&gt;&gt;</a>&nbsp;&nbsp;&nbsp;sdio_flag_clear
<LI><a href="#[1ba]">&gt;&gt;</a>&nbsp;&nbsp;&nbsp;sdio_csm_enable
<LI><a href="#[1b8]">&gt;&gt;</a>&nbsp;&nbsp;&nbsp;sdio_command_response_config
<LI><a href="#[1a7]">&gt;&gt;</a>&nbsp;&nbsp;&nbsp;sdio_command_index_get
<LI><a href="#[1a9]">&gt;&gt;</a>&nbsp;&nbsp;&nbsp;r1_error_type_check
</UL>
<BR>[Called By]<UL><LI><a href="#[174]">&gt;&gt;</a>&nbsp;&nbsp;&nbsp;sd_multiblocks_write
<LI><a href="#[173]">&gt;&gt;</a>&nbsp;&nbsp;&nbsp;sd_block_write
</UL>

<P><STRONG><a name="[1b7]"></a>sd_datablocksize_get</STRONG> (Thumb, 24 bytes, Stack size 0 bytes, sdio_sdcard.o(i.sd_datablocksize_get))
<BR><BR>[Called By]<UL><LI><a href="#[174]">&gt;&gt;</a>&nbsp;&nbsp;&nbsp;sd_multiblocks_write
<LI><a href="#[171]">&gt;&gt;</a>&nbsp;&nbsp;&nbsp;sd_multiblocks_read
<LI><a href="#[173]">&gt;&gt;</a>&nbsp;&nbsp;&nbsp;sd_block_write
<LI><a href="#[170]">&gt;&gt;</a>&nbsp;&nbsp;&nbsp;sd_block_read
</UL>

<P><STRONG><a name="[1c5]"></a>sd_scr_get</STRONG> (Thumb, 344 bytes, Stack size 32 bytes, sdio_sdcard.o(i.sd_scr_get))
<BR><BR>[Stack]<UL><LI>Max Depth = 56<LI>Call Chain = sd_scr_get &rArr; r1_error_check
</UL>
<BR>[Calls]<UL><LI><a href="#[1b9]">&gt;&gt;</a>&nbsp;&nbsp;&nbsp;sdio_wait_type_set
<LI><a href="#[158]">&gt;&gt;</a>&nbsp;&nbsp;&nbsp;sdio_flag_get
<LI><a href="#[159]">&gt;&gt;</a>&nbsp;&nbsp;&nbsp;sdio_flag_clear
<LI><a href="#[1bb]">&gt;&gt;</a>&nbsp;&nbsp;&nbsp;sdio_dsm_enable
<LI><a href="#[1b4]">&gt;&gt;</a>&nbsp;&nbsp;&nbsp;sdio_data_transfer_config
<LI><a href="#[1bc]">&gt;&gt;</a>&nbsp;&nbsp;&nbsp;sdio_data_read
<LI><a href="#[1b3]">&gt;&gt;</a>&nbsp;&nbsp;&nbsp;sdio_data_config
<LI><a href="#[1ba]">&gt;&gt;</a>&nbsp;&nbsp;&nbsp;sdio_csm_enable
<LI><a href="#[1b8]">&gt;&gt;</a>&nbsp;&nbsp;&nbsp;sdio_command_response_config
<LI><a href="#[1a6]">&gt;&gt;</a>&nbsp;&nbsp;&nbsp;r1_error_check
</UL>
<BR>[Called By]<UL><LI><a href="#[1c1]">&gt;&gt;</a>&nbsp;&nbsp;&nbsp;sd_bus_width_config
</UL>

<P><STRONG><a name="[14e]"></a>check_fs</STRONG> (Thumb, 138 bytes, Stack size 16 bytes, ff.o(i.check_fs))
<BR><BR>[Stack]<UL><LI>Max Depth = 168<LI>Call Chain = check_fs &rArr; disk_read &rArr; sd_multiblocks_read &rArr; dma_receive_config &rArr; dma_multi_data_mode_init
</UL>
<BR>[Calls]<UL><LI><a href="#[14f]">&gt;&gt;</a>&nbsp;&nbsp;&nbsp;disk_read
</UL>
<BR>[Called By]<UL><LI><a href="#[154]">&gt;&gt;</a>&nbsp;&nbsp;&nbsp;chk_mounted
</UL>

<P><STRONG><a name="[15f]"></a>chk_chr</STRONG> (Thumb, 20 bytes, Stack size 0 bytes, ff.o(i.chk_chr))
<BR><BR>[Called By]<UL><LI><a href="#[15d]">&gt;&gt;</a>&nbsp;&nbsp;&nbsp;create_name
</UL>

<P><STRONG><a name="[154]"></a>chk_mounted</STRONG> (Thumb, 898 bytes, Stack size 80 bytes, ff.o(i.chk_mounted))
<BR><BR>[Stack]<UL><LI>Max Depth = 256<LI>Call Chain = chk_mounted &rArr; disk_initialize &rArr; sd_bus_mode_config &rArr; sd_bus_width_config &rArr; sd_scr_get &rArr; r1_error_check
</UL>
<BR>[Calls]<UL><LI><a href="#[155]">&gt;&gt;</a>&nbsp;&nbsp;&nbsp;disk_status
<LI><a href="#[14f]">&gt;&gt;</a>&nbsp;&nbsp;&nbsp;disk_read
<LI><a href="#[156]">&gt;&gt;</a>&nbsp;&nbsp;&nbsp;disk_initialize
<LI><a href="#[14e]">&gt;&gt;</a>&nbsp;&nbsp;&nbsp;check_fs
</UL>
<BR>[Called By]<UL><LI><a href="#[186]">&gt;&gt;</a>&nbsp;&nbsp;&nbsp;f_open
</UL>

<P><STRONG><a name="[15a]"></a>create_chain</STRONG> (Thumb, 202 bytes, Stack size 32 bytes, ff.o(i.create_chain))
<BR><BR>[Stack]<UL><LI>Max Depth = 248<LI>Call Chain = create_chain &rArr; put_fat &rArr; move_window &rArr; disk_write &rArr; sd_multiblocks_write &rArr; dma_transfer_config &rArr; dma_multi_data_mode_init
</UL>
<BR>[Calls]<UL><LI><a href="#[15c]">&gt;&gt;</a>&nbsp;&nbsp;&nbsp;put_fat
<LI><a href="#[15b]">&gt;&gt;</a>&nbsp;&nbsp;&nbsp;get_fat
</UL>
<BR>[Called By]<UL><LI><a href="#[18d]">&gt;&gt;</a>&nbsp;&nbsp;&nbsp;f_write
<LI><a href="#[167]">&gt;&gt;</a>&nbsp;&nbsp;&nbsp;dir_next
</UL>

<P><STRONG><a name="[15d]"></a>create_name</STRONG> (Thumb, 336 bytes, Stack size 48 bytes, ff.o(i.create_name))
<BR><BR>[Stack]<UL><LI>Max Depth = 60<LI>Call Chain = create_name &rArr; mem_set
</UL>
<BR>[Calls]<UL><LI><a href="#[15e]">&gt;&gt;</a>&nbsp;&nbsp;&nbsp;mem_set
<LI><a href="#[15f]">&gt;&gt;</a>&nbsp;&nbsp;&nbsp;chk_chr
</UL>
<BR>[Called By]<UL><LI><a href="#[187]">&gt;&gt;</a>&nbsp;&nbsp;&nbsp;follow_path
</UL>

<P><STRONG><a name="[163]"></a>dir_find</STRONG> (Thumb, 92 bytes, Stack size 24 bytes, ff.o(i.dir_find))
<BR><BR>[Stack]<UL><LI>Max Depth = 296<LI>Call Chain = dir_find &rArr; dir_next &rArr; create_chain &rArr; put_fat &rArr; move_window &rArr; disk_write &rArr; sd_multiblocks_write &rArr; dma_transfer_config &rArr; dma_multi_data_mode_init
</UL>
<BR>[Calls]<UL><LI><a href="#[165]">&gt;&gt;</a>&nbsp;&nbsp;&nbsp;move_window
<LI><a href="#[166]">&gt;&gt;</a>&nbsp;&nbsp;&nbsp;mem_cmp
<LI><a href="#[164]">&gt;&gt;</a>&nbsp;&nbsp;&nbsp;dir_sdi
<LI><a href="#[167]">&gt;&gt;</a>&nbsp;&nbsp;&nbsp;dir_next
</UL>
<BR>[Called By]<UL><LI><a href="#[187]">&gt;&gt;</a>&nbsp;&nbsp;&nbsp;follow_path
</UL>

<P><STRONG><a name="[167]"></a>dir_next</STRONG> (Thumb, 280 bytes, Stack size 24 bytes, ff.o(i.dir_next))
<BR><BR>[Stack]<UL><LI>Max Depth = 272<LI>Call Chain = dir_next &rArr; create_chain &rArr; put_fat &rArr; move_window &rArr; disk_write &rArr; sd_multiblocks_write &rArr; dma_transfer_config &rArr; dma_multi_data_mode_init
</UL>
<BR>[Calls]<UL><LI><a href="#[15b]">&gt;&gt;</a>&nbsp;&nbsp;&nbsp;get_fat
<LI><a href="#[168]">&gt;&gt;</a>&nbsp;&nbsp;&nbsp;clust2sect
<LI><a href="#[165]">&gt;&gt;</a>&nbsp;&nbsp;&nbsp;move_window
<LI><a href="#[15e]">&gt;&gt;</a>&nbsp;&nbsp;&nbsp;mem_set
<LI><a href="#[15a]">&gt;&gt;</a>&nbsp;&nbsp;&nbsp;create_chain
</UL>
<BR>[Called By]<UL><LI><a href="#[169]">&gt;&gt;</a>&nbsp;&nbsp;&nbsp;dir_register
<LI><a href="#[163]">&gt;&gt;</a>&nbsp;&nbsp;&nbsp;dir_find
</UL>

<P><STRONG><a name="[169]"></a>dir_register</STRONG> (Thumb, 110 bytes, Stack size 24 bytes, ff.o(i.dir_register))
<BR><BR>[Stack]<UL><LI>Max Depth = 296<LI>Call Chain = dir_register &rArr; dir_next &rArr; create_chain &rArr; put_fat &rArr; move_window &rArr; disk_write &rArr; sd_multiblocks_write &rArr; dma_transfer_config &rArr; dma_multi_data_mode_init
</UL>
<BR>[Calls]<UL><LI><a href="#[165]">&gt;&gt;</a>&nbsp;&nbsp;&nbsp;move_window
<LI><a href="#[15e]">&gt;&gt;</a>&nbsp;&nbsp;&nbsp;mem_set
<LI><a href="#[16a]">&gt;&gt;</a>&nbsp;&nbsp;&nbsp;mem_cpy
<LI><a href="#[164]">&gt;&gt;</a>&nbsp;&nbsp;&nbsp;dir_sdi
<LI><a href="#[167]">&gt;&gt;</a>&nbsp;&nbsp;&nbsp;dir_next
</UL>
<BR>[Called By]<UL><LI><a href="#[186]">&gt;&gt;</a>&nbsp;&nbsp;&nbsp;f_open
</UL>

<P><STRONG><a name="[164]"></a>dir_sdi</STRONG> (Thumb, 156 bytes, Stack size 24 bytes, ff.o(i.dir_sdi))
<BR><BR>[Stack]<UL><LI>Max Depth = 232<LI>Call Chain = dir_sdi &rArr; get_fat &rArr; move_window &rArr; disk_write &rArr; sd_multiblocks_write &rArr; dma_transfer_config &rArr; dma_multi_data_mode_init
</UL>
<BR>[Calls]<UL><LI><a href="#[15b]">&gt;&gt;</a>&nbsp;&nbsp;&nbsp;get_fat
<LI><a href="#[168]">&gt;&gt;</a>&nbsp;&nbsp;&nbsp;clust2sect
</UL>
<BR>[Called By]<UL><LI><a href="#[187]">&gt;&gt;</a>&nbsp;&nbsp;&nbsp;follow_path
<LI><a href="#[169]">&gt;&gt;</a>&nbsp;&nbsp;&nbsp;dir_register
<LI><a href="#[163]">&gt;&gt;</a>&nbsp;&nbsp;&nbsp;dir_find
</UL>

<P><STRONG><a name="[187]"></a>follow_path</STRONG> (Thumb, 158 bytes, Stack size 32 bytes, ff.o(i.follow_path))
<BR><BR>[Stack]<UL><LI>Max Depth = 328<LI>Call Chain = follow_path &rArr; dir_find &rArr; dir_next &rArr; create_chain &rArr; put_fat &rArr; move_window &rArr; disk_write &rArr; sd_multiblocks_write &rArr; dma_transfer_config &rArr; dma_multi_data_mode_init
</UL>
<BR>[Calls]<UL><LI><a href="#[164]">&gt;&gt;</a>&nbsp;&nbsp;&nbsp;dir_sdi
<LI><a href="#[163]">&gt;&gt;</a>&nbsp;&nbsp;&nbsp;dir_find
<LI><a href="#[15d]">&gt;&gt;</a>&nbsp;&nbsp;&nbsp;create_name
</UL>
<BR>[Called By]<UL><LI><a href="#[186]">&gt;&gt;</a>&nbsp;&nbsp;&nbsp;f_open
</UL>

<P><STRONG><a name="[166]"></a>mem_cmp</STRONG> (Thumb, 38 bytes, Stack size 20 bytes, ff.o(i.mem_cmp))
<BR><BR>[Stack]<UL><LI>Max Depth = 20<LI>Call Chain = mem_cmp
</UL>
<BR>[Called By]<UL><LI><a href="#[163]">&gt;&gt;</a>&nbsp;&nbsp;&nbsp;dir_find
</UL>

<P><STRONG><a name="[16a]"></a>mem_cpy</STRONG> (Thumb, 26 bytes, Stack size 16 bytes, ff.o(i.mem_cpy))
<BR><BR>[Stack]<UL><LI>Max Depth = 16<LI>Call Chain = mem_cpy
</UL>
<BR>[Called By]<UL><LI><a href="#[18d]">&gt;&gt;</a>&nbsp;&nbsp;&nbsp;f_write
<LI><a href="#[18a]">&gt;&gt;</a>&nbsp;&nbsp;&nbsp;f_read
<LI><a href="#[169]">&gt;&gt;</a>&nbsp;&nbsp;&nbsp;dir_register
</UL>

<P><STRONG><a name="[15e]"></a>mem_set</STRONG> (Thumb, 20 bytes, Stack size 12 bytes, ff.o(i.mem_set))
<BR><BR>[Stack]<UL><LI>Max Depth = 12<LI>Call Chain = mem_set
</UL>
<BR>[Called By]<UL><LI><a href="#[18c]">&gt;&gt;</a>&nbsp;&nbsp;&nbsp;sync
<LI><a href="#[169]">&gt;&gt;</a>&nbsp;&nbsp;&nbsp;dir_register
<LI><a href="#[167]">&gt;&gt;</a>&nbsp;&nbsp;&nbsp;dir_next
<LI><a href="#[15d]">&gt;&gt;</a>&nbsp;&nbsp;&nbsp;create_name
</UL>

<P><STRONG><a name="[165]"></a>move_window</STRONG> (Thumb, 114 bytes, Stack size 24 bytes, ff.o(i.move_window))
<BR><BR>[Stack]<UL><LI>Max Depth = 184<LI>Call Chain = move_window &rArr; disk_write &rArr; sd_multiblocks_write &rArr; dma_transfer_config &rArr; dma_multi_data_mode_init
</UL>
<BR>[Calls]<UL><LI><a href="#[172]">&gt;&gt;</a>&nbsp;&nbsp;&nbsp;disk_write
<LI><a href="#[14f]">&gt;&gt;</a>&nbsp;&nbsp;&nbsp;disk_read
</UL>
<BR>[Called By]<UL><LI><a href="#[15c]">&gt;&gt;</a>&nbsp;&nbsp;&nbsp;put_fat
<LI><a href="#[15b]">&gt;&gt;</a>&nbsp;&nbsp;&nbsp;get_fat
<LI><a href="#[185]">&gt;&gt;</a>&nbsp;&nbsp;&nbsp;f_sync
<LI><a href="#[186]">&gt;&gt;</a>&nbsp;&nbsp;&nbsp;f_open
<LI><a href="#[18c]">&gt;&gt;</a>&nbsp;&nbsp;&nbsp;sync
<LI><a href="#[169]">&gt;&gt;</a>&nbsp;&nbsp;&nbsp;dir_register
<LI><a href="#[167]">&gt;&gt;</a>&nbsp;&nbsp;&nbsp;dir_next
<LI><a href="#[163]">&gt;&gt;</a>&nbsp;&nbsp;&nbsp;dir_find
</UL>

<P><STRONG><a name="[189]"></a>remove_chain</STRONG> (Thumb, 104 bytes, Stack size 24 bytes, ff.o(i.remove_chain))
<BR><BR>[Stack]<UL><LI>Max Depth = 240<LI>Call Chain = remove_chain &rArr; put_fat &rArr; move_window &rArr; disk_write &rArr; sd_multiblocks_write &rArr; dma_transfer_config &rArr; dma_multi_data_mode_init
</UL>
<BR>[Calls]<UL><LI><a href="#[15c]">&gt;&gt;</a>&nbsp;&nbsp;&nbsp;put_fat
<LI><a href="#[15b]">&gt;&gt;</a>&nbsp;&nbsp;&nbsp;get_fat
</UL>
<BR>[Called By]<UL><LI><a href="#[186]">&gt;&gt;</a>&nbsp;&nbsp;&nbsp;f_open
</UL>

<P><STRONG><a name="[18c]"></a>sync</STRONG> (Thumb, 202 bytes, Stack size 16 bytes, ff.o(i.sync))
<BR><BR>[Stack]<UL><LI>Max Depth = 200<LI>Call Chain = sync &rArr; move_window &rArr; disk_write &rArr; sd_multiblocks_write &rArr; dma_transfer_config &rArr; dma_multi_data_mode_init
</UL>
<BR>[Calls]<UL><LI><a href="#[172]">&gt;&gt;</a>&nbsp;&nbsp;&nbsp;disk_write
<LI><a href="#[1d8]">&gt;&gt;</a>&nbsp;&nbsp;&nbsp;disk_ioctl
<LI><a href="#[165]">&gt;&gt;</a>&nbsp;&nbsp;&nbsp;move_window
<LI><a href="#[15e]">&gt;&gt;</a>&nbsp;&nbsp;&nbsp;mem_set
</UL>
<BR>[Called By]<UL><LI><a href="#[185]">&gt;&gt;</a>&nbsp;&nbsp;&nbsp;f_sync
</UL>

<P><STRONG><a name="[18b]"></a>validate</STRONG> (Thumb, 42 bytes, Stack size 16 bytes, ff.o(i.validate))
<BR><BR>[Stack]<UL><LI>Max Depth = 16<LI>Call Chain = validate
</UL>
<BR>[Calls]<UL><LI><a href="#[155]">&gt;&gt;</a>&nbsp;&nbsp;&nbsp;disk_status
</UL>
<BR>[Called By]<UL><LI><a href="#[18d]">&gt;&gt;</a>&nbsp;&nbsp;&nbsp;f_write
<LI><a href="#[185]">&gt;&gt;</a>&nbsp;&nbsp;&nbsp;f_sync
<LI><a href="#[18a]">&gt;&gt;</a>&nbsp;&nbsp;&nbsp;f_read
</UL>

<P><STRONG><a name="[103]"></a>_soft_delay_</STRONG> (Thumb, 28 bytes, Stack size 8 bytes, system_gd32f4xx.o(i._soft_delay_))
<BR><BR>[Stack]<UL><LI>Max Depth = 8<LI>Call Chain = _soft_delay_
</UL>
<BR>[Called By]<UL><LI><a href="#[73]">&gt;&gt;</a>&nbsp;&nbsp;&nbsp;SystemInit
</UL>

<P><STRONG><a name="[1d9]"></a>system_clock_240m_25m_hxtal</STRONG> (Thumb, 258 bytes, Stack size 8 bytes, system_gd32f4xx.o(i.system_clock_240m_25m_hxtal))
<BR><BR>[Stack]<UL><LI>Max Depth = 8<LI>Call Chain = system_clock_240m_25m_hxtal
</UL>
<BR>[Called By]<UL><LI><a href="#[104]">&gt;&gt;</a>&nbsp;&nbsp;&nbsp;system_clock_config
</UL>

<P><STRONG><a name="[104]"></a>system_clock_config</STRONG> (Thumb, 8 bytes, Stack size 8 bytes, system_gd32f4xx.o(i.system_clock_config))
<BR><BR>[Stack]<UL><LI>Max Depth = 16<LI>Call Chain = system_clock_config &rArr; system_clock_240m_25m_hxtal
</UL>
<BR>[Calls]<UL><LI><a href="#[1d9]">&gt;&gt;</a>&nbsp;&nbsp;&nbsp;system_clock_240m_25m_hxtal
</UL>
<BR>[Called By]<UL><LI><a href="#[73]">&gt;&gt;</a>&nbsp;&nbsp;&nbsp;SystemInit
</UL>

<P><STRONG><a name="[150]"></a>check_systick</STRONG> (Thumb, 54 bytes, Stack size 24 bytes, perf_counter.o(i.check_systick))
<BR><BR>[Stack]<UL><LI>Max Depth = 24<LI>Call Chain = check_systick
</UL>
<BR>[Calls]<UL><LI><a href="#[153]">&gt;&gt;</a>&nbsp;&nbsp;&nbsp;perfc_port_is_system_timer_ovf_pending
<LI><a href="#[151]">&gt;&gt;</a>&nbsp;&nbsp;&nbsp;perfc_port_get_system_timer_top
<LI><a href="#[152]">&gt;&gt;</a>&nbsp;&nbsp;&nbsp;perfc_port_get_system_timer_elapsed
</UL>
<BR>[Called By]<UL><LI><a href="#[147]">&gt;&gt;</a>&nbsp;&nbsp;&nbsp;get_system_ms
<LI><a href="#[162]">&gt;&gt;</a>&nbsp;&nbsp;&nbsp;get_system_ticks
</UL>

<P><STRONG><a name="[18e]"></a>perfc_port_disable_global_interrupt</STRONG> (Thumb, 12 bytes, Stack size 0 bytes, perf_counter.o(i.perfc_port_disable_global_interrupt))
<BR><BR>[Called By]<UL><LI><a href="#[10a]">&gt;&gt;</a>&nbsp;&nbsp;&nbsp;init_cycle_counter
<LI><a href="#[147]">&gt;&gt;</a>&nbsp;&nbsp;&nbsp;get_system_ms
<LI><a href="#[195]">&gt;&gt;</a>&nbsp;&nbsp;&nbsp;update_perf_counter
<LI><a href="#[162]">&gt;&gt;</a>&nbsp;&nbsp;&nbsp;get_system_ticks
</UL>

<P><STRONG><a name="[190]"></a>perfc_port_resume_global_interrupt</STRONG> (Thumb, 10 bytes, Stack size 0 bytes, perf_counter.o(i.perfc_port_resume_global_interrupt))
<BR><BR>[Called By]<UL><LI><a href="#[10a]">&gt;&gt;</a>&nbsp;&nbsp;&nbsp;init_cycle_counter
<LI><a href="#[147]">&gt;&gt;</a>&nbsp;&nbsp;&nbsp;get_system_ms
<LI><a href="#[195]">&gt;&gt;</a>&nbsp;&nbsp;&nbsp;update_perf_counter
<LI><a href="#[162]">&gt;&gt;</a>&nbsp;&nbsp;&nbsp;get_system_ticks
</UL>

<P><STRONG><a name="[79]"></a>_printf_input_char</STRONG> (Thumb, 10 bytes, Stack size 0 bytes, _printf_char_common.o(.text))
<BR>[Address Reference Count : 1]<UL><LI> _printf_char_common.o(.text)
</UL>
<P><STRONG><a name="[cf]"></a>_fp_digits</STRONG> (Thumb, 432 bytes, Stack size 96 bytes, _printf_fp_dec.o(.text))
<BR><BR>[Stack]<UL><LI>Max Depth = 220<LI>Call Chain = _fp_digits &rArr; _btod_etento &rArr; _btod_emul &rArr; _e2e
</UL>
<BR>[Calls]<UL><LI><a href="#[d3]">&gt;&gt;</a>&nbsp;&nbsp;&nbsp;_btod_emul
<LI><a href="#[d2]">&gt;&gt;</a>&nbsp;&nbsp;&nbsp;_btod_ediv
<LI><a href="#[d1]">&gt;&gt;</a>&nbsp;&nbsp;&nbsp;_btod_d2e
<LI><a href="#[d0]">&gt;&gt;</a>&nbsp;&nbsp;&nbsp;_btod_etento
<LI><a href="#[cd]">&gt;&gt;</a>&nbsp;&nbsp;&nbsp;_ll_udiv10
</UL>
<BR>[Called By]<UL><LI><a href="#[d4]">&gt;&gt;</a>&nbsp;&nbsp;&nbsp;_printf_fp_dec_real
</UL>
<P>
<H3>
Undefined Global Symbols
</H3><HR></body></html>
